batch_size: 4
dataset: DRIVE
factor: 0.3
gamma: 2.0
w: 2
img_size: 256
k_folds: 8
loss_func: focal_loss
lr: 0.0001
model_type: EncDec
patience_scheduler: 5
patience_train: 20
seed: 42
train_prop: 0.8
weight_decay: 1e-05

--- Fold 1/8 ---
Epoch 1 results:
 Results on train:	 loss: 0.1217	 dice: 0.0620	 iou: 0.0355	 acc: 0.8413	 sens: 0.0355	 spec: 0.8413
 Results on val:	 loss: 0.1563	 dice: 0.0000	 iou: 0.0000	 acc: 0.9077	 sens: 0.0000	 spec: 0.9077

Epoch 2 results:
 Results on train:	 loss: 0.1051	 dice: 0.0058	 iou: 0.0034	 acc: 0.8823	 sens: 0.0034	 spec: 0.8823
 Results on val:	 loss: 0.1368	 dice: 0.0000	 iou: 0.0000	 acc: 0.9077	 sens: 0.0000	 spec: 0.9077

Epoch 3 results:
 Results on train:	 loss: 0.0993	 dice: 0.0021	 iou: 0.0012	 acc: 0.8833	 sens: 0.0012	 spec: 0.8833
 Results on val:	 loss: 0.1121	 dice: 0.0000	 iou: 0.0000	 acc: 0.9077	 sens: 0.0000	 spec: 0.9077

Epoch 4 results:
 Results on train:	 loss: 0.0979	 dice: 0.0004	 iou: 0.0002	 acc: 0.8832	 sens: 0.0002	 spec: 0.8832
 Results on val:	 loss: 0.0925	 dice: 0.0000	 iou: 0.0000	 acc: 0.9077	 sens: 0.0000	 spec: 0.9077

Epoch 5 results:
 Results on train:	 loss: 0.0978	 dice: 0.0000	 iou: 0.0000	 acc: 0.8831	 sens: 0.0000	 spec: 0.8831
 Results on val:	 loss: 0.0865	 dice: 0.0000	 iou: 0.0000	 acc: 0.9077	 sens: 0.0000	 spec: 0.9077

Epoch 6 results:
 Results on train:	 loss: 0.0970	 dice: 0.0000	 iou: 0.0000	 acc: 0.8831	 sens: 0.0000	 spec: 0.8831
 Results on val:	 loss: 0.0855	 dice: 0.0000	 iou: 0.0000	 acc: 0.9077	 sens: 0.0000	 spec: 0.9077

Epoch 7 results:
 Results on train:	 loss: 0.0967	 dice: 0.0001	 iou: 0.0000	 acc: 0.8831	 sens: 0.0000	 spec: 0.8831
 Results on val:	 loss: 0.0860	 dice: 0.0000	 iou: 0.0000	 acc: 0.9077	 sens: 0.0000	 spec: 0.9077

Epoch 8 results:
 Results on train:	 loss: 0.0962	 dice: 0.0003	 iou: 0.0002	 acc: 0.8832	 sens: 0.0002	 spec: 0.8832
 Results on val:	 loss: 0.0850	 dice: 0.0000	 iou: 0.0000	 acc: 0.9077	 sens: 0.0000	 spec: 0.9077

Epoch 9 results:
 Results on train:	 loss: 0.0960	 dice: 0.0001	 iou: 0.0000	 acc: 0.8831	 sens: 0.0000	 spec: 0.8831
 Results on val:	 loss: 0.0840	 dice: 0.0000	 iou: 0.0000	 acc: 0.9077	 sens: 0.0000	 spec: 0.9077

Epoch 10 results:
 Results on train:	 loss: 0.0956	 dice: 0.0000	 iou: 0.0000	 acc: 0.8831	 sens: 0.0000	 spec: 0.8831
 Results on val:	 loss: 0.0835	 dice: 0.0000	 iou: 0.0000	 acc: 0.9077	 sens: 0.0000	 spec: 0.9077

Epoch 11 results:
 Results on train:	 loss: 0.0957	 dice: 0.0000	 iou: 0.0000	 acc: 0.8831	 sens: 0.0000	 spec: 0.8831
 Results on val:	 loss: 0.0835	 dice: 0.0000	 iou: 0.0000	 acc: 0.9077	 sens: 0.0000	 spec: 0.9077

Epoch 12 results:
 Results on train:	 loss: 0.0955	 dice: 0.0000	 iou: 0.0000	 acc: 0.8831	 sens: 0.0000	 spec: 0.8831
 Results on val:	 loss: 0.0839	 dice: 0.0000	 iou: 0.0000	 acc: 0.9077	 sens: 0.0000	 spec: 0.9077

Epoch 13 results:
 Results on train:	 loss: 0.0955	 dice: 0.0000	 iou: 0.0000	 acc: 0.8831	 sens: 0.0000	 spec: 0.8831
 Results on val:	 loss: 0.0839	 dice: 0.0000	 iou: 0.0000	 acc: 0.9077	 sens: 0.0000	 spec: 0.9077

Epoch 14 results:
 Results on train:	 loss: 0.0953	 dice: 0.0000	 iou: 0.0000	 acc: 0.8831	 sens: 0.0000	 spec: 0.8831
 Results on val:	 loss: 0.0834	 dice: 0.0000	 iou: 0.0000	 acc: 0.9077	 sens: 0.0000	 spec: 0.9077

Epoch 15 results:
 Results on train:	 loss: 0.0953	 dice: 0.0000	 iou: 0.0000	 acc: 0.8831	 sens: 0.0000	 spec: 0.8831
 Results on val:	 loss: 0.0837	 dice: 0.0000	 iou: 0.0000	 acc: 0.9077	 sens: 0.0000	 spec: 0.9077

Epoch 16 results:
 Results on train:	 loss: 0.0950	 dice: 0.0000	 iou: 0.0000	 acc: 0.8831	 sens: 0.0000	 spec: 0.8831
 Results on val:	 loss: 0.0833	 dice: 0.0000	 iou: 0.0000	 acc: 0.9077	 sens: 0.0000	 spec: 0.9077

Epoch 17 results:
 Results on train:	 loss: 0.0948	 dice: 0.0000	 iou: 0.0000	 acc: 0.8831	 sens: 0.0000	 spec: 0.8831
 Results on val:	 loss: 0.0833	 dice: 0.0000	 iou: 0.0000	 acc: 0.9077	 sens: 0.0000	 spec: 0.9077

Epoch 18 results:
 Results on train:	 loss: 0.0953	 dice: 0.0000	 iou: 0.0000	 acc: 0.8831	 sens: 0.0000	 spec: 0.8831
 Results on val:	 loss: 0.0830	 dice: 0.0000	 iou: 0.0000	 acc: 0.9077	 sens: 0.0000	 spec: 0.9077

Epoch 19 results:
 Results on train:	 loss: 0.0950	 dice: 0.0000	 iou: 0.0000	 acc: 0.8831	 sens: 0.0000	 spec: 0.8831
 Results on val:	 loss: 0.0832	 dice: 0.0000	 iou: 0.0000	 acc: 0.9077	 sens: 0.0000	 spec: 0.9077

Epoch 20 results:
 Results on train:	 loss: 0.0950	 dice: 0.0000	 iou: 0.0000	 acc: 0.8831	 sens: 0.0000	 spec: 0.8831
 Results on val:	 loss: 0.0834	 dice: 0.0000	 iou: 0.0000	 acc: 0.9077	 sens: 0.0000	 spec: 0.9077

Epoch 21 results:
 Results on train:	 loss: 0.0950	 dice: 0.0000	 iou: 0.0000	 acc: 0.8831	 sens: 0.0000	 spec: 0.8831
 Results on val:	 loss: 0.0834	 dice: 0.0000	 iou: 0.0000	 acc: 0.9077	 sens: 0.0000	 spec: 0.9077

Current validation loss (0.08338239789009094) is larger than for the previous epoch (0.08337460458278656)!
Trained for 21 epochs.
Early stopping applies!

--- Fold 2/8 ---
Epoch 1 results:
 Results on train:	 loss: 0.1370	 dice: 0.0959	 iou: 0.0546	 acc: 0.7922	 sens: 0.0546	 spec: 0.7922
 Results on val:	 loss: 0.1623	 dice: 0.0000	 iou: 0.0000	 acc: 0.8588	 sens: 0.0000	 spec: 0.8588

Epoch 2 results:
 Results on train:	 loss: 0.1102	 dice: 0.0137	 iou: 0.0077	 acc: 0.8855	 sens: 0.0077	 spec: 0.8855
 Results on val:	 loss: 0.1418	 dice: 0.0000	 iou: 0.0000	 acc: 0.8588	 sens: 0.0000	 spec: 0.8588

Epoch 3 results:
 Results on train:	 loss: 0.0988	 dice: 0.0024	 iou: 0.0013	 acc: 0.8893	 sens: 0.0013	 spec: 0.8893
 Results on val:	 loss: 0.1160	 dice: 0.0000	 iou: 0.0000	 acc: 0.8588	 sens: 0.0000	 spec: 0.8588

Epoch 4 results:
 Results on train:	 loss: 0.0940	 dice: 0.0002	 iou: 0.0001	 acc: 0.8901	 sens: 0.0001	 spec: 0.8901
 Results on val:	 loss: 0.1085	 dice: 0.0000	 iou: 0.0000	 acc: 0.8588	 sens: 0.0000	 spec: 0.8588

Epoch 5 results:
 Results on train:	 loss: 0.0931	 dice: 0.0000	 iou: 0.0000	 acc: 0.8901	 sens: 0.0000	 spec: 0.8901
 Results on val:	 loss: 0.1092	 dice: 0.0000	 iou: 0.0000	 acc: 0.8588	 sens: 0.0000	 spec: 0.8588

Epoch 6 results:
 Results on train:	 loss: 0.0927	 dice: 0.0000	 iou: 0.0000	 acc: 0.8901	 sens: 0.0000	 spec: 0.8901
 Results on val:	 loss: 0.1100	 dice: 0.0000	 iou: 0.0000	 acc: 0.8588	 sens: 0.0000	 spec: 0.8588

Epoch 7 results:
 Results on train:	 loss: 0.0926	 dice: 0.0000	 iou: 0.0000	 acc: 0.8901	 sens: 0.0000	 spec: 0.8901
 Results on val:	 loss: 0.1094	 dice: 0.0000	 iou: 0.0000	 acc: 0.8588	 sens: 0.0000	 spec: 0.8588

Epoch 8 results:
 Results on train:	 loss: 0.0922	 dice: 0.0000	 iou: 0.0000	 acc: 0.8901	 sens: 0.0000	 spec: 0.8901
 Results on val:	 loss: 0.1090	 dice: 0.0000	 iou: 0.0000	 acc: 0.8588	 sens: 0.0000	 spec: 0.8588

Epoch 9 results:
 Results on train:	 loss: 0.0920	 dice: 0.0000	 iou: 0.0000	 acc: 0.8901	 sens: 0.0000	 spec: 0.8901
 Results on val:	 loss: 0.1087	 dice: 0.0000	 iou: 0.0000	 acc: 0.8588	 sens: 0.0000	 spec: 0.8588

Epoch 10 results:
 Results on train:	 loss: 0.0919	 dice: 0.0000	 iou: 0.0000	 acc: 0.8901	 sens: 0.0000	 spec: 0.8901
 Results on val:	 loss: 0.1092	 dice: 0.0000	 iou: 0.0000	 acc: 0.8588	 sens: 0.0000	 spec: 0.8588

Epoch 11 results:
 Results on train:	 loss: 0.0918	 dice: 0.0000	 iou: 0.0000	 acc: 0.8901	 sens: 0.0000	 spec: 0.8901
 Results on val:	 loss: 0.1092	 dice: 0.0000	 iou: 0.0000	 acc: 0.8588	 sens: 0.0000	 spec: 0.8588

Epoch 12 results:
 Results on train:	 loss: 0.0917	 dice: 0.0000	 iou: 0.0000	 acc: 0.8901	 sens: 0.0000	 spec: 0.8901
 Results on val:	 loss: 0.1091	 dice: 0.0000	 iou: 0.0000	 acc: 0.8588	 sens: 0.0000	 spec: 0.8588

Epoch 13 results:
 Results on train:	 loss: 0.0916	 dice: 0.0000	 iou: 0.0000	 acc: 0.8901	 sens: 0.0000	 spec: 0.8901
 Results on val:	 loss: 0.1090	 dice: 0.0000	 iou: 0.0000	 acc: 0.8588	 sens: 0.0000	 spec: 0.8588

Epoch 14 results:
 Results on train:	 loss: 0.0917	 dice: 0.0000	 iou: 0.0000	 acc: 0.8901	 sens: 0.0000	 spec: 0.8901
 Results on val:	 loss: 0.1094	 dice: 0.0000	 iou: 0.0000	 acc: 0.8588	 sens: 0.0000	 spec: 0.8588

Epoch 15 results:
 Results on train:	 loss: 0.0917	 dice: 0.0000	 iou: 0.0000	 acc: 0.8901	 sens: 0.0000	 spec: 0.8901
 Results on val:	 loss: 0.1096	 dice: 0.0000	 iou: 0.0000	 acc: 0.8588	 sens: 0.0000	 spec: 0.8588

Epoch 16 results:
 Results on train:	 loss: 0.0915	 dice: 0.0000	 iou: 0.0000	 acc: 0.8901	 sens: 0.0000	 spec: 0.8901
 Results on val:	 loss: 0.1094	 dice: 0.0000	 iou: 0.0000	 acc: 0.8588	 sens: 0.0000	 spec: 0.8588

Epoch 17 results:
 Results on train:	 loss: 0.0916	 dice: 0.0000	 iou: 0.0000	 acc: 0.8901	 sens: 0.0000	 spec: 0.8901
 Results on val:	 loss: 0.1094	 dice: 0.0000	 iou: 0.0000	 acc: 0.8588	 sens: 0.0000	 spec: 0.8588

Epoch 18 results:
 Results on train:	 loss: 0.0917	 dice: 0.0000	 iou: 0.0000	 acc: 0.8901	 sens: 0.0000	 spec: 0.8901
 Results on val:	 loss: 0.1094	 dice: 0.0000	 iou: 0.0000	 acc: 0.8588	 sens: 0.0000	 spec: 0.8588

Epoch 19 results:
 Results on train:	 loss: 0.0914	 dice: 0.0000	 iou: 0.0000	 acc: 0.8901	 sens: 0.0000	 spec: 0.8901
 Results on val:	 loss: 0.1094	 dice: 0.0000	 iou: 0.0000	 acc: 0.8588	 sens: 0.0000	 spec: 0.8588

Epoch 20 results:
 Results on train:	 loss: 0.0914	 dice: 0.0000	 iou: 0.0000	 acc: 0.8901	 sens: 0.0000	 spec: 0.8901
 Results on val:	 loss: 0.1095	 dice: 0.0000	 iou: 0.0000	 acc: 0.8588	 sens: 0.0000	 spec: 0.8588

Epoch 21 results:
 Results on train:	 loss: 0.0914	 dice: 0.0000	 iou: 0.0000	 acc: 0.8901	 sens: 0.0000	 spec: 0.8901
 Results on val:	 loss: 0.1095	 dice: 0.0000	 iou: 0.0000	 acc: 0.8588	 sens: 0.0000	 spec: 0.8588

Current validation loss (0.10954158008098602) is larger than for the previous epoch (0.1095142811536789)!
Trained for 21 epochs.
Early stopping applies!

--- Fold 3/8 ---
Epoch 1 results:
 Results on train:	 loss: 0.1849	 dice: 0.1809	 iou: 0.1038	 acc: 0.5428	 sens: 0.1038	 spec: 0.5428
 Results on val:	 loss: 0.1641	 dice: 0.0125	 iou: 0.0066	 acc: 0.9058	 sens: 0.0066	 spec: 0.9058

Epoch 2 results:
 Results on train:	 loss: 0.1360	 dice: 0.0997	 iou: 0.0573	 acc: 0.8046	 sens: 0.0573	 spec: 0.8046
 Results on val:	 loss: 0.1486	 dice: 0.0008	 iou: 0.0004	 acc: 0.9085	 sens: 0.0004	 spec: 0.9085

Epoch 3 results:
 Results on train:	 loss: 0.1139	 dice: 0.0244	 iou: 0.0141	 acc: 0.8704	 sens: 0.0141	 spec: 0.8704
 Results on val:	 loss: 0.1284	 dice: 0.0003	 iou: 0.0002	 acc: 0.9115	 sens: 0.0002	 spec: 0.9115

Epoch 4 results:
 Results on train:	 loss: 0.1045	 dice: 0.0037	 iou: 0.0022	 acc: 0.8816	 sens: 0.0022	 spec: 0.8816
 Results on val:	 loss: 0.1033	 dice: 0.0000	 iou: 0.0000	 acc: 0.9116	 sens: 0.0000	 spec: 0.9116

Epoch 5 results:
 Results on train:	 loss: 0.0997	 dice: 0.0023	 iou: 0.0013	 acc: 0.8818	 sens: 0.0013	 spec: 0.8818
 Results on val:	 loss: 0.0917	 dice: 0.0000	 iou: 0.0000	 acc: 0.9116	 sens: 0.0000	 spec: 0.9116

Epoch 6 results:
 Results on train:	 loss: 0.0981	 dice: 0.0007	 iou: 0.0004	 acc: 0.8824	 sens: 0.0004	 spec: 0.8824
 Results on val:	 loss: 0.0853	 dice: 0.0000	 iou: 0.0000	 acc: 0.9116	 sens: 0.0000	 spec: 0.9116

Epoch 7 results:
 Results on train:	 loss: 0.0971	 dice: 0.0014	 iou: 0.0008	 acc: 0.8826	 sens: 0.0008	 spec: 0.8826
 Results on val:	 loss: 0.0834	 dice: 0.0000	 iou: 0.0000	 acc: 0.9116	 sens: 0.0000	 spec: 0.9116

Epoch 8 results:
 Results on train:	 loss: 0.0972	 dice: 0.0005	 iou: 0.0003	 acc: 0.8826	 sens: 0.0003	 spec: 0.8826
 Results on val:	 loss: 0.0833	 dice: 0.0000	 iou: 0.0000	 acc: 0.9116	 sens: 0.0000	 spec: 0.9116

Epoch 9 results:
 Results on train:	 loss: 0.0970	 dice: 0.0006	 iou: 0.0003	 acc: 0.8826	 sens: 0.0003	 spec: 0.8826
 Results on val:	 loss: 0.0827	 dice: 0.0000	 iou: 0.0000	 acc: 0.9116	 sens: 0.0000	 spec: 0.9116

Epoch 10 results:
 Results on train:	 loss: 0.0963	 dice: 0.0008	 iou: 0.0004	 acc: 0.8827	 sens: 0.0004	 spec: 0.8827
 Results on val:	 loss: 0.0823	 dice: 0.0000	 iou: 0.0000	 acc: 0.9116	 sens: 0.0000	 spec: 0.9116

Epoch 11 results:
 Results on train:	 loss: 0.0962	 dice: 0.0005	 iou: 0.0003	 acc: 0.8826	 sens: 0.0003	 spec: 0.8826
 Results on val:	 loss: 0.0824	 dice: 0.0000	 iou: 0.0000	 acc: 0.9116	 sens: 0.0000	 spec: 0.9116

Epoch 12 results:
 Results on train:	 loss: 0.0962	 dice: 0.0007	 iou: 0.0004	 acc: 0.8825	 sens: 0.0004	 spec: 0.8825
 Results on val:	 loss: 0.0824	 dice: 0.0000	 iou: 0.0000	 acc: 0.9116	 sens: 0.0000	 spec: 0.9116

Epoch 13 results:
 Results on train:	 loss: 0.0960	 dice: 0.0006	 iou: 0.0003	 acc: 0.8826	 sens: 0.0003	 spec: 0.8826
 Results on val:	 loss: 0.0829	 dice: 0.0000	 iou: 0.0000	 acc: 0.9116	 sens: 0.0000	 spec: 0.9116

Epoch 14 results:
 Results on train:	 loss: 0.0960	 dice: 0.0003	 iou: 0.0002	 acc: 0.8825	 sens: 0.0002	 spec: 0.8825
 Results on val:	 loss: 0.0821	 dice: 0.0000	 iou: 0.0000	 acc: 0.9116	 sens: 0.0000	 spec: 0.9116

Epoch 15 results:
 Results on train:	 loss: 0.0956	 dice: 0.0001	 iou: 0.0000	 acc: 0.8826	 sens: 0.0000	 spec: 0.8826
 Results on val:	 loss: 0.0822	 dice: 0.0000	 iou: 0.0000	 acc: 0.9116	 sens: 0.0000	 spec: 0.9116

Epoch 16 results:
 Results on train:	 loss: 0.0957	 dice: 0.0002	 iou: 0.0001	 acc: 0.8826	 sens: 0.0001	 spec: 0.8826
 Results on val:	 loss: 0.0817	 dice: 0.0000	 iou: 0.0000	 acc: 0.9116	 sens: 0.0000	 spec: 0.9116

Epoch 17 results:
 Results on train:	 loss: 0.0957	 dice: 0.0002	 iou: 0.0001	 acc: 0.8826	 sens: 0.0001	 spec: 0.8826
 Results on val:	 loss: 0.0824	 dice: 0.0000	 iou: 0.0000	 acc: 0.9116	 sens: 0.0000	 spec: 0.9116

Epoch 18 results:
 Results on train:	 loss: 0.0957	 dice: 0.0007	 iou: 0.0004	 acc: 0.8825	 sens: 0.0004	 spec: 0.8825
 Results on val:	 loss: 0.0820	 dice: 0.0000	 iou: 0.0000	 acc: 0.9116	 sens: 0.0000	 spec: 0.9116

Epoch 19 results:
 Results on train:	 loss: 0.0953	 dice: 0.0000	 iou: 0.0000	 acc: 0.8826	 sens: 0.0000	 spec: 0.8826
 Results on val:	 loss: 0.0819	 dice: 0.0000	 iou: 0.0000	 acc: 0.9116	 sens: 0.0000	 spec: 0.9116

Epoch 20 results:
 Results on train:	 loss: 0.0951	 dice: 0.0003	 iou: 0.0001	 acc: 0.8826	 sens: 0.0001	 spec: 0.8826
 Results on val:	 loss: 0.0816	 dice: 0.0000	 iou: 0.0000	 acc: 0.9116	 sens: 0.0000	 spec: 0.9116

Epoch 21 results:
 Results on train:	 loss: 0.0953	 dice: 0.0001	 iou: 0.0001	 acc: 0.8826	 sens: 0.0001	 spec: 0.8826
 Results on val:	 loss: 0.0816	 dice: 0.0000	 iou: 0.0000	 acc: 0.9116	 sens: 0.0000	 spec: 0.9116

Current validation loss (0.08164098858833313) is larger than for the previous epoch (0.08163799345493317)!
Trained for 21 epochs.
Early stopping applies!

--- Fold 4/8 ---
Epoch 1 results:
 Results on train:	 loss: 0.1947	 dice: 0.1690	 iou: 0.0957	 acc: 0.4451	 sens: 0.0957	 spec: 0.4451
 Results on val:	 loss: 0.1854	 dice: 0.2187	 iou: 0.1253	 acc: 0.1253	 sens: 0.1253	 spec: 0.1253

Epoch 2 results:
 Results on train:	 loss: 0.1470	 dice: 0.1010	 iou: 0.0572	 acc: 0.7582	 sens: 0.0572	 spec: 0.7582
 Results on val:	 loss: 0.1755	 dice: 0.2069	 iou: 0.1183	 acc: 0.1830	 sens: 0.1183	 spec: 0.1830

Epoch 3 results:
 Results on train:	 loss: 0.1212	 dice: 0.0213	 iou: 0.0120	 acc: 0.8737	 sens: 0.0120	 spec: 0.8737
 Results on val:	 loss: 0.1458	 dice: 0.0087	 iou: 0.0046	 acc: 0.8705	 sens: 0.0046	 spec: 0.8705

Epoch 4 results:
 Results on train:	 loss: 0.1068	 dice: 0.0050	 iou: 0.0027	 acc: 0.8858	 sens: 0.0027	 spec: 0.8858
 Results on val:	 loss: 0.1209	 dice: 0.0013	 iou: 0.0008	 acc: 0.8724	 sens: 0.0008	 spec: 0.8724

Epoch 5 results:
 Results on train:	 loss: 0.0996	 dice: 0.0008	 iou: 0.0005	 acc: 0.8876	 sens: 0.0005	 spec: 0.8876
 Results on val:	 loss: 0.1101	 dice: 0.0014	 iou: 0.0009	 acc: 0.8740	 sens: 0.0009	 spec: 0.8740

Epoch 6 results:
 Results on train:	 loss: 0.0962	 dice: 0.0002	 iou: 0.0001	 acc: 0.8878	 sens: 0.0001	 spec: 0.8878
 Results on val:	 loss: 0.1040	 dice: 0.0000	 iou: 0.0000	 acc: 0.8746	 sens: 0.0000	 spec: 0.8746

Epoch 7 results:
 Results on train:	 loss: 0.0949	 dice: 0.0001	 iou: 0.0000	 acc: 0.8878	 sens: 0.0000	 spec: 0.8878
 Results on val:	 loss: 0.1022	 dice: 0.0000	 iou: 0.0000	 acc: 0.8747	 sens: 0.0000	 spec: 0.8747

Epoch 8 results:
 Results on train:	 loss: 0.0942	 dice: 0.0000	 iou: 0.0000	 acc: 0.8878	 sens: 0.0000	 spec: 0.8878
 Results on val:	 loss: 0.1015	 dice: 0.0000	 iou: 0.0000	 acc: 0.8747	 sens: 0.0000	 spec: 0.8747

Epoch 9 results:
 Results on train:	 loss: 0.0939	 dice: 0.0000	 iou: 0.0000	 acc: 0.8878	 sens: 0.0000	 spec: 0.8878
 Results on val:	 loss: 0.1008	 dice: 0.0000	 iou: 0.0000	 acc: 0.8747	 sens: 0.0000	 spec: 0.8747

Epoch 10 results:
 Results on train:	 loss: 0.0939	 dice: 0.0000	 iou: 0.0000	 acc: 0.8878	 sens: 0.0000	 spec: 0.8878
 Results on val:	 loss: 0.1004	 dice: 0.0000	 iou: 0.0000	 acc: 0.8747	 sens: 0.0000	 spec: 0.8747

Epoch 11 results:
 Results on train:	 loss: 0.0938	 dice: 0.0000	 iou: 0.0000	 acc: 0.8878	 sens: 0.0000	 spec: 0.8878
 Results on val:	 loss: 0.1003	 dice: 0.0000	 iou: 0.0000	 acc: 0.8747	 sens: 0.0000	 spec: 0.8747

Epoch 12 results:
 Results on train:	 loss: 0.0936	 dice: 0.0000	 iou: 0.0000	 acc: 0.8878	 sens: 0.0000	 spec: 0.8878
 Results on val:	 loss: 0.0998	 dice: 0.0000	 iou: 0.0000	 acc: 0.8747	 sens: 0.0000	 spec: 0.8747

Epoch 13 results:
 Results on train:	 loss: 0.0935	 dice: 0.0000	 iou: 0.0000	 acc: 0.8878	 sens: 0.0000	 spec: 0.8878
 Results on val:	 loss: 0.1005	 dice: 0.0000	 iou: 0.0000	 acc: 0.8747	 sens: 0.0000	 spec: 0.8747

Epoch 14 results:
 Results on train:	 loss: 0.0932	 dice: 0.0000	 iou: 0.0000	 acc: 0.8878	 sens: 0.0000	 spec: 0.8878
 Results on val:	 loss: 0.0999	 dice: 0.0000	 iou: 0.0000	 acc: 0.8747	 sens: 0.0000	 spec: 0.8747

Epoch 15 results:
 Results on train:	 loss: 0.0930	 dice: 0.0000	 iou: 0.0000	 acc: 0.8878	 sens: 0.0000	 spec: 0.8878
 Results on val:	 loss: 0.1002	 dice: 0.0000	 iou: 0.0000	 acc: 0.8747	 sens: 0.0000	 spec: 0.8747

Epoch 16 results:
 Results on train:	 loss: 0.0931	 dice: 0.0000	 iou: 0.0000	 acc: 0.8878	 sens: 0.0000	 spec: 0.8878
 Results on val:	 loss: 0.0999	 dice: 0.0000	 iou: 0.0000	 acc: 0.8747	 sens: 0.0000	 spec: 0.8747

Epoch 17 results:
 Results on train:	 loss: 0.0931	 dice: 0.0000	 iou: 0.0000	 acc: 0.8878	 sens: 0.0000	 spec: 0.8878
 Results on val:	 loss: 0.1002	 dice: 0.0000	 iou: 0.0000	 acc: 0.8747	 sens: 0.0000	 spec: 0.8747

Epoch 18 results:
 Results on train:	 loss: 0.0927	 dice: 0.0000	 iou: 0.0000	 acc: 0.8878	 sens: 0.0000	 spec: 0.8878
 Results on val:	 loss: 0.0998	 dice: 0.0000	 iou: 0.0000	 acc: 0.8747	 sens: 0.0000	 spec: 0.8747

Epoch 19 results:
 Results on train:	 loss: 0.0928	 dice: 0.0000	 iou: 0.0000	 acc: 0.8878	 sens: 0.0000	 spec: 0.8878
 Results on val:	 loss: 0.0998	 dice: 0.0000	 iou: 0.0000	 acc: 0.8747	 sens: 0.0000	 spec: 0.8747

Epoch 20 results:
 Results on train:	 loss: 0.0928	 dice: 0.0000	 iou: 0.0000	 acc: 0.8878	 sens: 0.0000	 spec: 0.8878
 Results on val:	 loss: 0.1000	 dice: 0.0000	 iou: 0.0000	 acc: 0.8747	 sens: 0.0000	 spec: 0.8747

Epoch 21 results:
 Results on train:	 loss: 0.0926	 dice: 0.0000	 iou: 0.0000	 acc: 0.8878	 sens: 0.0000	 spec: 0.8878
 Results on val:	 loss: 0.1002	 dice: 0.0000	 iou: 0.0000	 acc: 0.8747	 sens: 0.0000	 spec: 0.8747

Current validation loss (0.1001642644405365) is larger than for the previous epoch (0.10000617802143097)!
Trained for 21 epochs.
Early stopping applies!

--- Fold 5/8 ---
Epoch 1 results:
 Results on train:	 loss: 0.1232	 dice: 0.0585	 iou: 0.0332	 acc: 0.8380	 sens: 0.0332	 spec: 0.8380
 Results on val:	 loss: 0.1547	 dice: 0.0000	 iou: 0.0000	 acc: 0.8947	 sens: 0.0000	 spec: 0.8947

Epoch 2 results:
 Results on train:	 loss: 0.1048	 dice: 0.0054	 iou: 0.0030	 acc: 0.8832	 sens: 0.0030	 spec: 0.8832
 Results on val:	 loss: 0.1339	 dice: 0.0000	 iou: 0.0000	 acc: 0.8947	 sens: 0.0000	 spec: 0.8947

Epoch 3 results:
 Results on train:	 loss: 0.0985	 dice: 0.0003	 iou: 0.0002	 acc: 0.8850	 sens: 0.0002	 spec: 0.8850
 Results on val:	 loss: 0.1104	 dice: 0.0000	 iou: 0.0000	 acc: 0.8947	 sens: 0.0000	 spec: 0.8947

Epoch 4 results:
 Results on train:	 loss: 0.0967	 dice: 0.0000	 iou: 0.0000	 acc: 0.8850	 sens: 0.0000	 spec: 0.8850
 Results on val:	 loss: 0.0967	 dice: 0.0000	 iou: 0.0000	 acc: 0.8947	 sens: 0.0000	 spec: 0.8947

Epoch 5 results:
 Results on train:	 loss: 0.0962	 dice: 0.0000	 iou: 0.0000	 acc: 0.8850	 sens: 0.0000	 spec: 0.8850
 Results on val:	 loss: 0.0931	 dice: 0.0000	 iou: 0.0000	 acc: 0.8947	 sens: 0.0000	 spec: 0.8947

Epoch 6 results:
 Results on train:	 loss: 0.0956	 dice: 0.0001	 iou: 0.0000	 acc: 0.8850	 sens: 0.0000	 spec: 0.8850
 Results on val:	 loss: 0.0918	 dice: 0.0000	 iou: 0.0000	 acc: 0.8947	 sens: 0.0000	 spec: 0.8947

Epoch 7 results:
 Results on train:	 loss: 0.0953	 dice: 0.0004	 iou: 0.0002	 acc: 0.8850	 sens: 0.0002	 spec: 0.8850
 Results on val:	 loss: 0.0914	 dice: 0.0000	 iou: 0.0000	 acc: 0.8947	 sens: 0.0000	 spec: 0.8947

Epoch 8 results:
 Results on train:	 loss: 0.0952	 dice: 0.0000	 iou: 0.0000	 acc: 0.8850	 sens: 0.0000	 spec: 0.8850
 Results on val:	 loss: 0.0918	 dice: 0.0000	 iou: 0.0000	 acc: 0.8947	 sens: 0.0000	 spec: 0.8947

Epoch 9 results:
 Results on train:	 loss: 0.0953	 dice: 0.0000	 iou: 0.0000	 acc: 0.8850	 sens: 0.0000	 spec: 0.8850
 Results on val:	 loss: 0.0915	 dice: 0.0000	 iou: 0.0000	 acc: 0.8947	 sens: 0.0000	 spec: 0.8947

Epoch 10 results:
 Results on train:	 loss: 0.0949	 dice: 0.0000	 iou: 0.0000	 acc: 0.8850	 sens: 0.0000	 spec: 0.8850
 Results on val:	 loss: 0.0921	 dice: 0.0000	 iou: 0.0000	 acc: 0.8947	 sens: 0.0000	 spec: 0.8947

Epoch 11 results:
 Results on train:	 loss: 0.0947	 dice: 0.0002	 iou: 0.0001	 acc: 0.8850	 sens: 0.0001	 spec: 0.8850
 Results on val:	 loss: 0.0923	 dice: 0.0000	 iou: 0.0000	 acc: 0.8947	 sens: 0.0000	 spec: 0.8947

Epoch 12 results:
 Results on train:	 loss: 0.0944	 dice: 0.0000	 iou: 0.0000	 acc: 0.8850	 sens: 0.0000	 spec: 0.8850
 Results on val:	 loss: 0.0916	 dice: 0.0000	 iou: 0.0000	 acc: 0.8947	 sens: 0.0000	 spec: 0.8947

Epoch 13 results:
 Results on train:	 loss: 0.0945	 dice: 0.0000	 iou: 0.0000	 acc: 0.8850	 sens: 0.0000	 spec: 0.8850
 Results on val:	 loss: 0.0905	 dice: 0.0000	 iou: 0.0000	 acc: 0.8947	 sens: 0.0000	 spec: 0.8947

Epoch 14 results:
 Results on train:	 loss: 0.0945	 dice: 0.0000	 iou: 0.0000	 acc: 0.8850	 sens: 0.0000	 spec: 0.8850
 Results on val:	 loss: 0.0915	 dice: 0.0000	 iou: 0.0000	 acc: 0.8947	 sens: 0.0000	 spec: 0.8947

Epoch 15 results:
 Results on train:	 loss: 0.0944	 dice: 0.0000	 iou: 0.0000	 acc: 0.8850	 sens: 0.0000	 spec: 0.8850
 Results on val:	 loss: 0.0914	 dice: 0.0000	 iou: 0.0000	 acc: 0.8947	 sens: 0.0000	 spec: 0.8947

Epoch 16 results:
 Results on train:	 loss: 0.0941	 dice: 0.0001	 iou: 0.0001	 acc: 0.8850	 sens: 0.0001	 spec: 0.8850
 Results on val:	 loss: 0.0903	 dice: 0.0000	 iou: 0.0000	 acc: 0.8947	 sens: 0.0000	 spec: 0.8947

Epoch 17 results:
 Results on train:	 loss: 0.0942	 dice: 0.0000	 iou: 0.0000	 acc: 0.8850	 sens: 0.0000	 spec: 0.8850
 Results on val:	 loss: 0.0908	 dice: 0.0000	 iou: 0.0000	 acc: 0.8947	 sens: 0.0000	 spec: 0.8947

Epoch 18 results:
 Results on train:	 loss: 0.0942	 dice: 0.0000	 iou: 0.0000	 acc: 0.8850	 sens: 0.0000	 spec: 0.8850
 Results on val:	 loss: 0.0911	 dice: 0.0000	 iou: 0.0000	 acc: 0.8947	 sens: 0.0000	 spec: 0.8947

Epoch 19 results:
 Results on train:	 loss: 0.0939	 dice: 0.0000	 iou: 0.0000	 acc: 0.8850	 sens: 0.0000	 spec: 0.8850
 Results on val:	 loss: 0.0907	 dice: 0.0000	 iou: 0.0000	 acc: 0.8947	 sens: 0.0000	 spec: 0.8947

Epoch 20 results:
 Results on train:	 loss: 0.0939	 dice: 0.0000	 iou: 0.0000	 acc: 0.8850	 sens: 0.0000	 spec: 0.8850
 Results on val:	 loss: 0.0906	 dice: 0.0000	 iou: 0.0000	 acc: 0.8947	 sens: 0.0000	 spec: 0.8947

Epoch 21 results:
 Results on train:	 loss: 0.0940	 dice: 0.0002	 iou: 0.0001	 acc: 0.8850	 sens: 0.0001	 spec: 0.8850
 Results on val:	 loss: 0.0908	 dice: 0.0000	 iou: 0.0000	 acc: 0.8947	 sens: 0.0000	 spec: 0.8947

Current validation loss (0.09081114828586578) is larger than for the previous epoch (0.09063353389501572)!
Trained for 21 epochs.
Early stopping applies!

--- Fold 6/8 ---
Epoch 1 results:
 Results on train:	 loss: 0.1644	 dice: 0.1473	 iou: 0.0839	 acc: 0.6460	 sens: 0.0839	 spec: 0.6460
 Results on val:	 loss: 0.1690	 dice: 0.0000	 iou: 0.0000	 acc: 0.8918	 sens: 0.0000	 spec: 0.8918

Epoch 2 results:
 Results on train:	 loss: 0.1259	 dice: 0.0415	 iou: 0.0239	 acc: 0.8605	 sens: 0.0239	 spec: 0.8605
 Results on val:	 loss: 0.1595	 dice: 0.0000	 iou: 0.0000	 acc: 0.8917	 sens: 0.0000	 spec: 0.8917

Epoch 3 results:
 Results on train:	 loss: 0.1074	 dice: 0.0051	 iou: 0.0028	 acc: 0.8830	 sens: 0.0028	 spec: 0.8830
 Results on val:	 loss: 0.1275	 dice: 0.0000	 iou: 0.0000	 acc: 0.8917	 sens: 0.0000	 spec: 0.8917

Epoch 4 results:
 Results on train:	 loss: 0.0994	 dice: 0.0008	 iou: 0.0004	 acc: 0.8851	 sens: 0.0004	 spec: 0.8851
 Results on val:	 loss: 0.1087	 dice: 0.0000	 iou: 0.0000	 acc: 0.8918	 sens: 0.0000	 spec: 0.8918

Epoch 5 results:
 Results on train:	 loss: 0.0969	 dice: 0.0002	 iou: 0.0001	 acc: 0.8853	 sens: 0.0001	 spec: 0.8853
 Results on val:	 loss: 0.0977	 dice: 0.0000	 iou: 0.0000	 acc: 0.8918	 sens: 0.0000	 spec: 0.8918

Epoch 6 results:
 Results on train:	 loss: 0.0960	 dice: 0.0003	 iou: 0.0001	 acc: 0.8854	 sens: 0.0001	 spec: 0.8854
 Results on val:	 loss: 0.0945	 dice: 0.0000	 iou: 0.0000	 acc: 0.8918	 sens: 0.0000	 spec: 0.8918

Epoch 7 results:
 Results on train:	 loss: 0.0953	 dice: 0.0000	 iou: 0.0000	 acc: 0.8854	 sens: 0.0000	 spec: 0.8854
 Results on val:	 loss: 0.0944	 dice: 0.0000	 iou: 0.0000	 acc: 0.8918	 sens: 0.0000	 spec: 0.8918

Epoch 8 results:
 Results on train:	 loss: 0.0951	 dice: 0.0000	 iou: 0.0000	 acc: 0.8854	 sens: 0.0000	 spec: 0.8854
 Results on val:	 loss: 0.0939	 dice: 0.0000	 iou: 0.0000	 acc: 0.8918	 sens: 0.0000	 spec: 0.8918

Epoch 9 results:
 Results on train:	 loss: 0.0947	 dice: 0.0000	 iou: 0.0000	 acc: 0.8854	 sens: 0.0000	 spec: 0.8854
 Results on val:	 loss: 0.0934	 dice: 0.0000	 iou: 0.0000	 acc: 0.8918	 sens: 0.0000	 spec: 0.8918

Epoch 10 results:
 Results on train:	 loss: 0.0945	 dice: 0.0000	 iou: 0.0000	 acc: 0.8854	 sens: 0.0000	 spec: 0.8854
 Results on val:	 loss: 0.0922	 dice: 0.0000	 iou: 0.0000	 acc: 0.8918	 sens: 0.0000	 spec: 0.8918

Epoch 11 results:
 Results on train:	 loss: 0.0944	 dice: 0.0000	 iou: 0.0000	 acc: 0.8854	 sens: 0.0000	 spec: 0.8854
 Results on val:	 loss: 0.0917	 dice: 0.0000	 iou: 0.0000	 acc: 0.8918	 sens: 0.0000	 spec: 0.8918

Epoch 12 results:
 Results on train:	 loss: 0.0945	 dice: 0.0000	 iou: 0.0000	 acc: 0.8854	 sens: 0.0000	 spec: 0.8854
 Results on val:	 loss: 0.0915	 dice: 0.0000	 iou: 0.0000	 acc: 0.8918	 sens: 0.0000	 spec: 0.8918

Epoch 13 results:
 Results on train:	 loss: 0.0943	 dice: 0.0000	 iou: 0.0000	 acc: 0.8854	 sens: 0.0000	 spec: 0.8854
 Results on val:	 loss: 0.0913	 dice: 0.0000	 iou: 0.0000	 acc: 0.8918	 sens: 0.0000	 spec: 0.8918

Epoch 14 results:
 Results on train:	 loss: 0.0944	 dice: 0.0000	 iou: 0.0000	 acc: 0.8854	 sens: 0.0000	 spec: 0.8854
 Results on val:	 loss: 0.0912	 dice: 0.0000	 iou: 0.0000	 acc: 0.8918	 sens: 0.0000	 spec: 0.8918

Epoch 15 results:
 Results on train:	 loss: 0.0942	 dice: 0.0000	 iou: 0.0000	 acc: 0.8854	 sens: 0.0000	 spec: 0.8854
 Results on val:	 loss: 0.0911	 dice: 0.0000	 iou: 0.0000	 acc: 0.8918	 sens: 0.0000	 spec: 0.8918

Epoch 16 results:
 Results on train:	 loss: 0.0940	 dice: 0.0000	 iou: 0.0000	 acc: 0.8854	 sens: 0.0000	 spec: 0.8854
 Results on val:	 loss: 0.0909	 dice: 0.0000	 iou: 0.0000	 acc: 0.8918	 sens: 0.0000	 spec: 0.8918

Epoch 17 results:
 Results on train:	 loss: 0.0939	 dice: 0.0000	 iou: 0.0000	 acc: 0.8854	 sens: 0.0000	 spec: 0.8854
 Results on val:	 loss: 0.0908	 dice: 0.0000	 iou: 0.0000	 acc: 0.8918	 sens: 0.0000	 spec: 0.8918

Epoch 18 results:
 Results on train:	 loss: 0.0937	 dice: 0.0000	 iou: 0.0000	 acc: 0.8854	 sens: 0.0000	 spec: 0.8854
 Results on val:	 loss: 0.0908	 dice: 0.0000	 iou: 0.0000	 acc: 0.8918	 sens: 0.0000	 spec: 0.8918

Epoch 19 results:
 Results on train:	 loss: 0.0937	 dice: 0.0000	 iou: 0.0000	 acc: 0.8854	 sens: 0.0000	 spec: 0.8854
 Results on val:	 loss: 0.0907	 dice: 0.0000	 iou: 0.0000	 acc: 0.8918	 sens: 0.0000	 spec: 0.8918

Epoch 20 results:
 Results on train:	 loss: 0.0939	 dice: 0.0000	 iou: 0.0000	 acc: 0.8854	 sens: 0.0000	 spec: 0.8854
 Results on val:	 loss: 0.0909	 dice: 0.0000	 iou: 0.0000	 acc: 0.8918	 sens: 0.0000	 spec: 0.8918

Epoch 21 results:
 Results on train:	 loss: 0.0936	 dice: 0.0000	 iou: 0.0000	 acc: 0.8854	 sens: 0.0000	 spec: 0.8854
 Results on val:	 loss: 0.0907	 dice: 0.0000	 iou: 0.0000	 acc: 0.8918	 sens: 0.0000	 spec: 0.8918

Validation loss improved from 0.0909 to 0.0907.
Epoch 22 results:
 Results on train:	 loss: 0.0935	 dice: 0.0000	 iou: 0.0000	 acc: 0.8854	 sens: 0.0000	 spec: 0.8854
 Results on val:	 loss: 0.0907	 dice: 0.0000	 iou: 0.0000	 acc: 0.8918	 sens: 0.0000	 spec: 0.8918

Validation loss only improved by 5.617737770080566e-06 which is lower than the tolerance of 0.0001!
Trained for 22 epochs.
Early stopping applies!

--- Fold 7/8 ---
Epoch 1 results:
 Results on train:	 loss: 0.1330	 dice: 0.0912	 iou: 0.0522	 acc: 0.8140	 sens: 0.0522	 spec: 0.8140
 Results on val:	 loss: 0.1555	 dice: 0.0000	 iou: 0.0000	 acc: 0.8847	 sens: 0.0000	 spec: 0.8847

Epoch 2 results:
 Results on train:	 loss: 0.1095	 dice: 0.0131	 iou: 0.0073	 acc: 0.8819	 sens: 0.0073	 spec: 0.8819
 Results on val:	 loss: 0.1365	 dice: 0.0000	 iou: 0.0000	 acc: 0.8847	 sens: 0.0000	 spec: 0.8847

Epoch 3 results:
 Results on train:	 loss: 0.0998	 dice: 0.0049	 iou: 0.0029	 acc: 0.8852	 sens: 0.0029	 spec: 0.8852
 Results on val:	 loss: 0.1159	 dice: 0.0000	 iou: 0.0000	 acc: 0.8847	 sens: 0.0000	 spec: 0.8847

Epoch 4 results:
 Results on train:	 loss: 0.0964	 dice: 0.0000	 iou: 0.0000	 acc: 0.8864	 sens: 0.0000	 spec: 0.8864
 Results on val:	 loss: 0.1036	 dice: 0.0000	 iou: 0.0000	 acc: 0.8847	 sens: 0.0000	 spec: 0.8847

Epoch 5 results:
 Results on train:	 loss: 0.0949	 dice: 0.0002	 iou: 0.0001	 acc: 0.8863	 sens: 0.0001	 spec: 0.8863
 Results on val:	 loss: 0.0979	 dice: 0.0000	 iou: 0.0000	 acc: 0.8847	 sens: 0.0000	 spec: 0.8847

Epoch 6 results:
 Results on train:	 loss: 0.0952	 dice: 0.0000	 iou: 0.0000	 acc: 0.8864	 sens: 0.0000	 spec: 0.8864
 Results on val:	 loss: 0.0978	 dice: 0.0000	 iou: 0.0000	 acc: 0.8847	 sens: 0.0000	 spec: 0.8847

Epoch 7 results:
 Results on train:	 loss: 0.0946	 dice: 0.0000	 iou: 0.0000	 acc: 0.8864	 sens: 0.0000	 spec: 0.8864
 Results on val:	 loss: 0.0977	 dice: 0.0000	 iou: 0.0000	 acc: 0.8847	 sens: 0.0000	 spec: 0.8847

Epoch 8 results:
 Results on train:	 loss: 0.0942	 dice: 0.0002	 iou: 0.0001	 acc: 0.8864	 sens: 0.0001	 spec: 0.8864
 Results on val:	 loss: 0.0968	 dice: 0.0000	 iou: 0.0000	 acc: 0.8847	 sens: 0.0000	 spec: 0.8847

Epoch 9 results:
 Results on train:	 loss: 0.0942	 dice: 0.0001	 iou: 0.0000	 acc: 0.8864	 sens: 0.0000	 spec: 0.8864
 Results on val:	 loss: 0.0961	 dice: 0.0000	 iou: 0.0000	 acc: 0.8847	 sens: 0.0000	 spec: 0.8847

Epoch 10 results:
 Results on train:	 loss: 0.0940	 dice: 0.0000	 iou: 0.0000	 acc: 0.8864	 sens: 0.0000	 spec: 0.8864
 Results on val:	 loss: 0.0965	 dice: 0.0000	 iou: 0.0000	 acc: 0.8847	 sens: 0.0000	 spec: 0.8847

Epoch 11 results:
 Results on train:	 loss: 0.0937	 dice: 0.0000	 iou: 0.0000	 acc: 0.8864	 sens: 0.0000	 spec: 0.8864
 Results on val:	 loss: 0.0961	 dice: 0.0000	 iou: 0.0000	 acc: 0.8847	 sens: 0.0000	 spec: 0.8847

Epoch 12 results:
 Results on train:	 loss: 0.0937	 dice: 0.0000	 iou: 0.0000	 acc: 0.8864	 sens: 0.0000	 spec: 0.8864
 Results on val:	 loss: 0.0994	 dice: 0.0000	 iou: 0.0000	 acc: 0.8847	 sens: 0.0000	 spec: 0.8847

Epoch 13 results:
 Results on train:	 loss: 0.0935	 dice: 0.0000	 iou: 0.0000	 acc: 0.8864	 sens: 0.0000	 spec: 0.8864
 Results on val:	 loss: 0.0988	 dice: 0.0000	 iou: 0.0000	 acc: 0.8847	 sens: 0.0000	 spec: 0.8847

Epoch 14 results:
 Results on train:	 loss: 0.0938	 dice: 0.0003	 iou: 0.0001	 acc: 0.8864	 sens: 0.0001	 spec: 0.8864
 Results on val:	 loss: 0.0957	 dice: 0.0000	 iou: 0.0000	 acc: 0.8847	 sens: 0.0000	 spec: 0.8847

Epoch 15 results:
 Results on train:	 loss: 0.0935	 dice: 0.0000	 iou: 0.0000	 acc: 0.8864	 sens: 0.0000	 spec: 0.8864
 Results on val:	 loss: 0.0954	 dice: 0.0000	 iou: 0.0000	 acc: 0.8847	 sens: 0.0000	 spec: 0.8847

Epoch 16 results:
 Results on train:	 loss: 0.0933	 dice: 0.0000	 iou: 0.0000	 acc: 0.8864	 sens: 0.0000	 spec: 0.8864
 Results on val:	 loss: 0.0972	 dice: 0.0000	 iou: 0.0000	 acc: 0.8847	 sens: 0.0000	 spec: 0.8847

Epoch 17 results:
 Results on train:	 loss: 0.0933	 dice: 0.0000	 iou: 0.0000	 acc: 0.8864	 sens: 0.0000	 spec: 0.8864
 Results on val:	 loss: 0.0962	 dice: 0.0000	 iou: 0.0000	 acc: 0.8847	 sens: 0.0000	 spec: 0.8847

Epoch 18 results:
 Results on train:	 loss: 0.0933	 dice: 0.0000	 iou: 0.0000	 acc: 0.8864	 sens: 0.0000	 spec: 0.8864
 Results on val:	 loss: 0.0950	 dice: 0.0000	 iou: 0.0000	 acc: 0.8847	 sens: 0.0000	 spec: 0.8847

Epoch 19 results:
 Results on train:	 loss: 0.0932	 dice: 0.0000	 iou: 0.0000	 acc: 0.8864	 sens: 0.0000	 spec: 0.8864
 Results on val:	 loss: 0.0956	 dice: 0.0000	 iou: 0.0000	 acc: 0.8847	 sens: 0.0000	 spec: 0.8847

Epoch 20 results:
 Results on train:	 loss: 0.0933	 dice: 0.0000	 iou: 0.0000	 acc: 0.8864	 sens: 0.0000	 spec: 0.8864
 Results on val:	 loss: 0.0955	 dice: 0.0000	 iou: 0.0000	 acc: 0.8847	 sens: 0.0000	 spec: 0.8847

Epoch 21 results:
 Results on train:	 loss: 0.0933	 dice: 0.0000	 iou: 0.0000	 acc: 0.8864	 sens: 0.0000	 spec: 0.8864
 Results on val:	 loss: 0.0961	 dice: 0.0000	 iou: 0.0000	 acc: 0.8847	 sens: 0.0000	 spec: 0.8847

Current validation loss (0.09609053283929825) is larger than for the previous epoch (0.0955219492316246)!
Trained for 21 epochs.
Early stopping applies!

--- Fold 8/8 ---
Epoch 1 results:
 Results on train:	 loss: 0.1794	 dice: 0.1691	 iou: 0.0961	 acc: 0.5443	 sens: 0.0961	 spec: 0.5443
 Results on val:	 loss: 0.1630	 dice: 0.0000	 iou: 0.0000	 acc: 0.8655	 sens: 0.0000	 spec: 0.8655

Epoch 2 results:
 Results on train:	 loss: 0.1381	 dice: 0.0793	 iou: 0.0449	 acc: 0.8015	 sens: 0.0449	 spec: 0.8015
 Results on val:	 loss: 0.1463	 dice: 0.0000	 iou: 0.0000	 acc: 0.8655	 sens: 0.0000	 spec: 0.8655

Epoch 3 results:
 Results on train:	 loss: 0.1130	 dice: 0.0129	 iou: 0.0074	 acc: 0.8843	 sens: 0.0074	 spec: 0.8843
 Results on val:	 loss: 0.1258	 dice: 0.0000	 iou: 0.0000	 acc: 0.8655	 sens: 0.0000	 spec: 0.8655

Epoch 4 results:
 Results on train:	 loss: 0.1015	 dice: 0.0013	 iou: 0.0007	 acc: 0.8890	 sens: 0.0007	 spec: 0.8890
 Results on val:	 loss: 0.1107	 dice: 0.0000	 iou: 0.0000	 acc: 0.8655	 sens: 0.0000	 spec: 0.8655

Epoch 5 results:
 Results on train:	 loss: 0.0968	 dice: 0.0015	 iou: 0.0008	 acc: 0.8892	 sens: 0.0008	 spec: 0.8892
 Results on val:	 loss: 0.1057	 dice: 0.0000	 iou: 0.0000	 acc: 0.8655	 sens: 0.0000	 spec: 0.8655

Epoch 6 results:
 Results on train:	 loss: 0.0943	 dice: 0.0007	 iou: 0.0004	 acc: 0.8891	 sens: 0.0004	 spec: 0.8891
 Results on val:	 loss: 0.1049	 dice: 0.0000	 iou: 0.0000	 acc: 0.8655	 sens: 0.0000	 spec: 0.8655

Epoch 7 results:
 Results on train:	 loss: 0.0938	 dice: 0.0007	 iou: 0.0004	 acc: 0.8891	 sens: 0.0004	 spec: 0.8891
 Results on val:	 loss: 0.1062	 dice: 0.0001	 iou: 0.0001	 acc: 0.8655	 sens: 0.0001	 spec: 0.8655

Epoch 8 results:
 Results on train:	 loss: 0.0933	 dice: 0.0000	 iou: 0.0000	 acc: 0.8892	 sens: 0.0000	 spec: 0.8892
 Results on val:	 loss: 0.1058	 dice: 0.0000	 iou: 0.0000	 acc: 0.8655	 sens: 0.0000	 spec: 0.8655

Epoch 9 results:
 Results on train:	 loss: 0.0931	 dice: 0.0000	 iou: 0.0000	 acc: 0.8891	 sens: 0.0000	 spec: 0.8891
 Results on val:	 loss: 0.1053	 dice: 0.0000	 iou: 0.0000	 acc: 0.8655	 sens: 0.0000	 spec: 0.8655

Epoch 10 results:
 Results on train:	 loss: 0.0930	 dice: 0.0003	 iou: 0.0002	 acc: 0.8892	 sens: 0.0002	 spec: 0.8892
 Results on val:	 loss: 0.1054	 dice: 0.0000	 iou: 0.0000	 acc: 0.8655	 sens: 0.0000	 spec: 0.8655

Epoch 11 results:
 Results on train:	 loss: 0.0928	 dice: 0.0000	 iou: 0.0000	 acc: 0.8891	 sens: 0.0000	 spec: 0.8891
 Results on val:	 loss: 0.1061	 dice: 0.0000	 iou: 0.0000	 acc: 0.8655	 sens: 0.0000	 spec: 0.8655

Epoch 12 results:
 Results on train:	 loss: 0.0927	 dice: 0.0000	 iou: 0.0000	 acc: 0.8892	 sens: 0.0000	 spec: 0.8892
 Results on val:	 loss: 0.1051	 dice: 0.0000	 iou: 0.0000	 acc: 0.8655	 sens: 0.0000	 spec: 0.8655

Epoch 13 results:
 Results on train:	 loss: 0.0925	 dice: 0.0001	 iou: 0.0000	 acc: 0.8892	 sens: 0.0000	 spec: 0.8892
 Results on val:	 loss: 0.1052	 dice: 0.0000	 iou: 0.0000	 acc: 0.8655	 sens: 0.0000	 spec: 0.8655

Epoch 14 results:
 Results on train:	 loss: 0.0926	 dice: 0.0000	 iou: 0.0000	 acc: 0.8892	 sens: 0.0000	 spec: 0.8892
 Results on val:	 loss: 0.1050	 dice: 0.0000	 iou: 0.0000	 acc: 0.8655	 sens: 0.0000	 spec: 0.8655

Epoch 15 results:
 Results on train:	 loss: 0.0926	 dice: 0.0000	 iou: 0.0000	 acc: 0.8892	 sens: 0.0000	 spec: 0.8892
 Results on val:	 loss: 0.1052	 dice: 0.0000	 iou: 0.0000	 acc: 0.8655	 sens: 0.0000	 spec: 0.8655

Epoch 16 results:
 Results on train:	 loss: 0.0924	 dice: 0.0000	 iou: 0.0000	 acc: 0.8892	 sens: 0.0000	 spec: 0.8892
 Results on val:	 loss: 0.1051	 dice: 0.0000	 iou: 0.0000	 acc: 0.8655	 sens: 0.0000	 spec: 0.8655

Epoch 17 results:
 Results on train:	 loss: 0.0923	 dice: 0.0000	 iou: 0.0000	 acc: 0.8892	 sens: 0.0000	 spec: 0.8892
 Results on val:	 loss: 0.1052	 dice: 0.0000	 iou: 0.0000	 acc: 0.8655	 sens: 0.0000	 spec: 0.8655

Epoch 18 results:
 Results on train:	 loss: 0.0923	 dice: 0.0000	 iou: 0.0000	 acc: 0.8892	 sens: 0.0000	 spec: 0.8892
 Results on val:	 loss: 0.1051	 dice: 0.0000	 iou: 0.0000	 acc: 0.8655	 sens: 0.0000	 spec: 0.8655

Epoch 19 results:
 Results on train:	 loss: 0.0922	 dice: 0.0000	 iou: 0.0000	 acc: 0.8892	 sens: 0.0000	 spec: 0.8892
 Results on val:	 loss: 0.1051	 dice: 0.0000	 iou: 0.0000	 acc: 0.8655	 sens: 0.0000	 spec: 0.8655

Epoch 20 results:
 Results on train:	 loss: 0.0921	 dice: 0.0000	 iou: 0.0000	 acc: 0.8892	 sens: 0.0000	 spec: 0.8892
 Results on val:	 loss: 0.1051	 dice: 0.0000	 iou: 0.0000	 acc: 0.8655	 sens: 0.0000	 spec: 0.8655

Epoch 21 results:
 Results on train:	 loss: 0.0922	 dice: 0.0000	 iou: 0.0000	 acc: 0.8892	 sens: 0.0000	 spec: 0.8892
 Results on val:	 loss: 0.1052	 dice: 0.0000	 iou: 0.0000	 acc: 0.8655	 sens: 0.0000	 spec: 0.8655

Current validation loss (0.10521170496940613) is larger than for the previous epoch (0.10513652861118317)!
Trained for 21 epochs.
Early stopping applies!

--- Performance across all folds ---
Avg. train_loss: 0.0934
Avg. train_dice: 0.0000
Avg. train_iou: 0.0000
Avg. train_acc: 0.8862
Avg. train_sens: 0.0000
Avg. train_spec: 1.0000
Avg. val_loss: 0.0946
Avg. val_dice: 0.0000
Avg. val_iou: 0.0000
Avg. val_acc: 0.8862
Avg. val_sens: 0.0000
Avg. val_spec: 1.0000
Avg. n_epochs: 21.1250

------------------------------------------------------------
Sender: LSF System <lsfadmin@hpc.dtu.dk>
Subject: Job 27035967: <UNet_BCE_loss> in cluster <dcc> Done

Job <UNet_BCE_loss> was submitted from host <hpclogin1> by user <s214397> in cluster <dcc> at Sat Nov 15 15:21:15 2025
Job was executed on host(s) <4*n-62-18-13>, in queue <c02516>, as user <s214397> in cluster <dcc> at Sat Nov 15 15:21:17 2025
</zhome/86/c/167853> was used as the home directory.
</zhome/86/c/167853/02516-image-segmentation> was used as the working directory.
Started at Sat Nov 15 15:21:17 2025
Terminated at Sat Nov 15 15:23:14 2025
Results reported at Sat Nov 15 15:23:14 2025

Your job looked like:

------------------------------------------------------------
# LSBATCH: User input
#!/bin/sh
### ------------- specify queue name ----------------
#BSUB -q c02516
### ------------- specify gpu request----------------
#BSUB -gpu "num=1:mode=exclusive_process"
### ------------- specify job name ----------------
#BSUB -J UNet_BCE_loss
### ------------- specify number of cores ----------------
#BSUB -n 4
#BSUB -R "span[hosts=1]"

#BSUB -R "rusage[mem=20GB]"

### ------------- specify wall-clock time (max allowed is 12:00)---------------- 
#BSUB -W 08:00

#BSUB -o OUTPUT_FILE%J.out
#BSUB -e OUTPUT_FILE%J.err

source venv_proj3/bin/activate
python model_experiment.py
#python eval.py

------------------------------------------------------------

Successfully completed.

Resource usage summary:

    CPU time :                                   110.18 sec.
    Max Memory :                                 1002 MB
    Average Memory :                             1000.33 MB
    Total Requested Memory :                     81920.00 MB
    Delta Memory :                               80918.00 MB
    Max Swap :                                   -
    Max Processes :                              4
    Max Threads :                                8
    Run time :                                   159 sec.
    Turnaround time :                            119 sec.

The output (if any) is above this job summary.



PS:

Read file <OUTPUT_FILE27035967.err> for stderr output of this job.

