batch_size: 4
dataset: PH2
factor: 0.3
gamma: 2.0
w: 2
img_size: 256
k_folds: 8
loss_func: cross_entropy_pw
lr: 0.0001
model_type: EncDec
patience_scheduler: 5
patience_train: 20
seed: 42
train_prop: 0.8
weight_decay: 1e-05

--- Fold 1/8 ---
Epoch 1 results:
 Results on train:	 loss: 0.8867	 dice: 0.7936	 iou: 0.7381	 acc: 0.8294	 sens: 0.7381	 spec: 0.8294
 Results on val:	 loss: 0.8098	 dice: 0.8784	 iou: 0.8423	 acc: 0.8960	 sens: 0.8423	 spec: 0.8960

Epoch 2 results:
 Results on train:	 loss: 0.5592	 dice: 0.8637	 iou: 0.8288	 acc: 0.8984	 sens: 0.8288	 spec: 0.8984
 Results on val:	 loss: 0.4255	 dice: 0.8772	 iou: 0.8467	 acc: 0.9171	 sens: 0.8467	 spec: 0.9171

Epoch 3 results:
 Results on train:	 loss: 0.4345	 dice: 0.8673	 iou: 0.8320	 acc: 0.9000	 sens: 0.8320	 spec: 0.9000
 Results on val:	 loss: 0.3477	 dice: 0.8787	 iou: 0.8477	 acc: 0.8997	 sens: 0.8477	 spec: 0.8997

Epoch 4 results:
 Results on train:	 loss: 0.3679	 dice: 0.8687	 iou: 0.8350	 acc: 0.9096	 sens: 0.8350	 spec: 0.9096
 Results on val:	 loss: 0.3801	 dice: 0.8633	 iou: 0.8315	 acc: 0.9106	 sens: 0.8315	 spec: 0.9106

Epoch 5 results:
 Results on train:	 loss: 0.3536	 dice: 0.8699	 iou: 0.8350	 acc: 0.9002	 sens: 0.8350	 spec: 0.9002
 Results on val:	 loss: 0.3172	 dice: 0.8781	 iou: 0.8478	 acc: 0.9169	 sens: 0.8478	 spec: 0.9169

Epoch 6 results:
 Results on train:	 loss: 0.3561	 dice: 0.8664	 iou: 0.8302	 acc: 0.8884	 sens: 0.8302	 spec: 0.8884
 Results on val:	 loss: 0.2743	 dice: 0.8833	 iou: 0.8531	 acc: 0.9150	 sens: 0.8531	 spec: 0.9150

Epoch 7 results:
 Results on train:	 loss: 0.3425	 dice: 0.8730	 iou: 0.8386	 acc: 0.9011	 sens: 0.8386	 spec: 0.9011
 Results on val:	 loss: 0.2947	 dice: 0.8769	 iou: 0.8475	 acc: 0.9141	 sens: 0.8475	 spec: 0.9141

Epoch 8 results:
 Results on train:	 loss: 0.3194	 dice: 0.8696	 iou: 0.8348	 acc: 0.9004	 sens: 0.8348	 spec: 0.9004
 Results on val:	 loss: 0.2806	 dice: 0.8783	 iou: 0.8469	 acc: 0.9156	 sens: 0.8469	 spec: 0.9156

Epoch 9 results:
 Results on train:	 loss: 0.2968	 dice: 0.8701	 iou: 0.8363	 acc: 0.9041	 sens: 0.8363	 spec: 0.9041
 Results on val:	 loss: 0.2679	 dice: 0.8847	 iou: 0.8540	 acc: 0.9170	 sens: 0.8540	 spec: 0.9170

Epoch 10 results:
 Results on train:	 loss: 0.2766	 dice: 0.8770	 iou: 0.8469	 acc: 0.9177	 sens: 0.8469	 spec: 0.9177
 Results on val:	 loss: 0.3116	 dice: 0.8653	 iou: 0.8358	 acc: 0.9140	 sens: 0.8358	 spec: 0.9140

Epoch 11 results:
 Results on train:	 loss: 0.3139	 dice: 0.8606	 iou: 0.8240	 acc: 0.8936	 sens: 0.8240	 spec: 0.8936
 Results on val:	 loss: 0.2671	 dice: 0.8840	 iou: 0.8530	 acc: 0.9126	 sens: 0.8530	 spec: 0.9126

Epoch 12 results:
 Results on train:	 loss: 0.2865	 dice: 0.8733	 iou: 0.8394	 acc: 0.9093	 sens: 0.8394	 spec: 0.9093
 Results on val:	 loss: 0.2715	 dice: 0.8794	 iou: 0.8513	 acc: 0.9238	 sens: 0.8513	 spec: 0.9238

Epoch 13 results:
 Results on train:	 loss: 0.2654	 dice: 0.8788	 iou: 0.8475	 acc: 0.9205	 sens: 0.8475	 spec: 0.9205
 Results on val:	 loss: 0.2564	 dice: 0.8823	 iou: 0.8490	 acc: 0.9038	 sens: 0.8490	 spec: 0.9038

Epoch 14 results:
 Results on train:	 loss: 0.2764	 dice: 0.8754	 iou: 0.8421	 acc: 0.9047	 sens: 0.8421	 spec: 0.9047
 Results on val:	 loss: 0.2459	 dice: 0.8853	 iou: 0.8570	 acc: 0.9254	 sens: 0.8570	 spec: 0.9254

Epoch 15 results:
 Results on train:	 loss: 0.2472	 dice: 0.8813	 iou: 0.8512	 acc: 0.9230	 sens: 0.8512	 spec: 0.9230
 Results on val:	 loss: 0.2491	 dice: 0.8824	 iou: 0.8499	 acc: 0.9119	 sens: 0.8499	 spec: 0.9119

Epoch 16 results:
 Results on train:	 loss: 0.2693	 dice: 0.8836	 iou: 0.8538	 acc: 0.9209	 sens: 0.8538	 spec: 0.9209
 Results on val:	 loss: 0.2425	 dice: 0.8848	 iou: 0.8554	 acc: 0.9177	 sens: 0.8554	 spec: 0.9177

Epoch 17 results:
 Results on train:	 loss: 0.2605	 dice: 0.8796	 iou: 0.8493	 acc: 0.9173	 sens: 0.8493	 spec: 0.9173
 Results on val:	 loss: 0.2390	 dice: 0.8866	 iou: 0.8574	 acc: 0.9188	 sens: 0.8574	 spec: 0.9188

Epoch 18 results:
 Results on train:	 loss: 0.3027	 dice: 0.8740	 iou: 0.8388	 acc: 0.9007	 sens: 0.8388	 spec: 0.9007
 Results on val:	 loss: 0.2588	 dice: 0.8832	 iou: 0.8503	 acc: 0.9159	 sens: 0.8503	 spec: 0.9159

Epoch 19 results:
 Results on train:	 loss: 0.2353	 dice: 0.8823	 iou: 0.8524	 acc: 0.9187	 sens: 0.8524	 spec: 0.9187
 Results on val:	 loss: 0.2395	 dice: 0.8864	 iou: 0.8573	 acc: 0.9285	 sens: 0.8573	 spec: 0.9285

Epoch 20 results:
 Results on train:	 loss: 0.2706	 dice: 0.8785	 iou: 0.8470	 acc: 0.9150	 sens: 0.8470	 spec: 0.9150
 Results on val:	 loss: 0.2662	 dice: 0.8788	 iou: 0.8421	 acc: 0.8963	 sens: 0.8421	 spec: 0.8963

Epoch 21 results:
 Results on train:	 loss: 0.2433	 dice: 0.8807	 iou: 0.8497	 acc: 0.9135	 sens: 0.8497	 spec: 0.9135
 Results on val:	 loss: 0.2474	 dice: 0.8863	 iou: 0.8590	 acc: 0.9277	 sens: 0.8590	 spec: 0.9277

Validation loss improved from 0.2662 to 0.2474.
Epoch 22 results:
 Results on train:	 loss: 0.2111	 dice: 0.8860	 iou: 0.8583	 acc: 0.9327	 sens: 0.8583	 spec: 0.9327
 Results on val:	 loss: 0.2494	 dice: 0.8843	 iou: 0.8568	 acc: 0.9289	 sens: 0.8568	 spec: 0.9289

Current validation loss (0.24939294904470444) is larger than for the previous epoch (0.24741314351558685)!
Trained for 22 epochs.
Early stopping applies!

--- Fold 2/8 ---
Epoch 1 results:
 Results on train:	 loss: 1.0769	 dice: 0.6936	 iou: 0.6392	 acc: 0.7558	 sens: 0.6392	 spec: 0.7558
 Results on val:	 loss: 0.8121	 dice: 0.8658	 iou: 0.8168	 acc: 0.8192	 sens: 0.8168	 spec: 0.8192

Epoch 2 results:
 Results on train:	 loss: 0.6729	 dice: 0.8563	 iou: 0.8196	 acc: 0.8910	 sens: 0.8196	 spec: 0.8910
 Results on val:	 loss: 0.4579	 dice: 0.8924	 iou: 0.8560	 acc: 0.9020	 sens: 0.8560	 spec: 0.9020

Epoch 3 results:
 Results on train:	 loss: 0.5441	 dice: 0.8585	 iou: 0.8206	 acc: 0.8878	 sens: 0.8206	 spec: 0.8878
 Results on val:	 loss: 0.4164	 dice: 0.8838	 iou: 0.8426	 acc: 0.8777	 sens: 0.8426	 spec: 0.8777

Epoch 4 results:
 Results on train:	 loss: 0.4468	 dice: 0.8645	 iou: 0.8291	 acc: 0.8845	 sens: 0.8291	 spec: 0.8845
 Results on val:	 loss: 0.3264	 dice: 0.8879	 iou: 0.8492	 acc: 0.8942	 sens: 0.8492	 spec: 0.8942

Epoch 5 results:
 Results on train:	 loss: 0.3761	 dice: 0.8666	 iou: 0.8331	 acc: 0.8955	 sens: 0.8331	 spec: 0.8955
 Results on val:	 loss: 0.3335	 dice: 0.8848	 iou: 0.8438	 acc: 0.8805	 sens: 0.8438	 spec: 0.8805

Epoch 6 results:
 Results on train:	 loss: 0.3199	 dice: 0.8731	 iou: 0.8414	 acc: 0.9151	 sens: 0.8414	 spec: 0.9151
 Results on val:	 loss: 0.3225	 dice: 0.8914	 iou: 0.8530	 acc: 0.9005	 sens: 0.8530	 spec: 0.9005

Epoch 7 results:
 Results on train:	 loss: 0.3114	 dice: 0.8733	 iou: 0.8410	 acc: 0.9100	 sens: 0.8410	 spec: 0.9100
 Results on val:	 loss: 0.3121	 dice: 0.8863	 iou: 0.8450	 acc: 0.8799	 sens: 0.8450	 spec: 0.8799

Epoch 8 results:
 Results on train:	 loss: 0.3326	 dice: 0.8693	 iou: 0.8358	 acc: 0.9013	 sens: 0.8358	 spec: 0.9013
 Results on val:	 loss: 0.2717	 dice: 0.8956	 iou: 0.8593	 acc: 0.9075	 sens: 0.8593	 spec: 0.9075

Epoch 9 results:
 Results on train:	 loss: 0.3123	 dice: 0.8738	 iou: 0.8416	 acc: 0.9052	 sens: 0.8416	 spec: 0.9052
 Results on val:	 loss: 0.2821	 dice: 0.8916	 iou: 0.8537	 acc: 0.9032	 sens: 0.8537	 spec: 0.9032

Epoch 10 results:
 Results on train:	 loss: 0.3263	 dice: 0.8696	 iou: 0.8351	 acc: 0.8995	 sens: 0.8351	 spec: 0.8995
 Results on val:	 loss: 0.2568	 dice: 0.8968	 iou: 0.8614	 acc: 0.9169	 sens: 0.8614	 spec: 0.9169

Epoch 11 results:
 Results on train:	 loss: 0.3030	 dice: 0.8705	 iou: 0.8367	 acc: 0.9077	 sens: 0.8367	 spec: 0.9077
 Results on val:	 loss: 0.2670	 dice: 0.8903	 iou: 0.8506	 acc: 0.8942	 sens: 0.8506	 spec: 0.8942

Epoch 12 results:
 Results on train:	 loss: 0.2912	 dice: 0.8703	 iou: 0.8376	 acc: 0.9025	 sens: 0.8376	 spec: 0.9025
 Results on val:	 loss: 0.2558	 dice: 0.9002	 iou: 0.8657	 acc: 0.9188	 sens: 0.8657	 spec: 0.9188

Epoch 13 results:
 Results on train:	 loss: 0.3000	 dice: 0.8692	 iou: 0.8367	 acc: 0.9082	 sens: 0.8367	 spec: 0.9082
 Results on val:	 loss: 0.2338	 dice: 0.9041	 iou: 0.8713	 acc: 0.9257	 sens: 0.8713	 spec: 0.9257

Epoch 14 results:
 Results on train:	 loss: 0.2841	 dice: 0.8716	 iou: 0.8372	 acc: 0.9043	 sens: 0.8372	 spec: 0.9043
 Results on val:	 loss: 0.2617	 dice: 0.8934	 iou: 0.8559	 acc: 0.9088	 sens: 0.8559	 spec: 0.9088

Epoch 15 results:
 Results on train:	 loss: 0.2670	 dice: 0.8745	 iou: 0.8434	 acc: 0.9165	 sens: 0.8434	 spec: 0.9165
 Results on val:	 loss: 0.2460	 dice: 0.8974	 iou: 0.8614	 acc: 0.9189	 sens: 0.8614	 spec: 0.9189

Epoch 16 results:
 Results on train:	 loss: 0.2824	 dice: 0.8681	 iou: 0.8364	 acc: 0.9128	 sens: 0.8364	 spec: 0.9128
 Results on val:	 loss: 0.2348	 dice: 0.8986	 iou: 0.8633	 acc: 0.9201	 sens: 0.8633	 spec: 0.9201

Epoch 17 results:
 Results on train:	 loss: 0.2631	 dice: 0.8769	 iou: 0.8460	 acc: 0.9141	 sens: 0.8460	 spec: 0.9141
 Results on val:	 loss: 0.3639	 dice: 0.8777	 iou: 0.8327	 acc: 0.8565	 sens: 0.8327	 spec: 0.8565

Epoch 18 results:
 Results on train:	 loss: 0.3029	 dice: 0.8707	 iou: 0.8380	 acc: 0.9008	 sens: 0.8380	 spec: 0.9008
 Results on val:	 loss: 0.2870	 dice: 0.8836	 iou: 0.8422	 acc: 0.8705	 sens: 0.8422	 spec: 0.8705

Epoch 19 results:
 Results on train:	 loss: 0.2587	 dice: 0.8768	 iou: 0.8455	 acc: 0.9086	 sens: 0.8455	 spec: 0.9086
 Results on val:	 loss: 0.2795	 dice: 0.8860	 iou: 0.8448	 acc: 0.8802	 sens: 0.8448	 spec: 0.8802

Epoch 20 results:
 Results on train:	 loss: 0.2169	 dice: 0.8821	 iou: 0.8541	 acc: 0.9307	 sens: 0.8541	 spec: 0.9307
 Results on val:	 loss: 0.2405	 dice: 0.8952	 iou: 0.8571	 acc: 0.9089	 sens: 0.8571	 spec: 0.9089

Epoch 21 results:
 Results on train:	 loss: 0.2265	 dice: 0.8815	 iou: 0.8536	 acc: 0.9290	 sens: 0.8536	 spec: 0.9290
 Results on val:	 loss: 0.2274	 dice: 0.9007	 iou: 0.8650	 acc: 0.9184	 sens: 0.8650	 spec: 0.9184

Validation loss improved from 0.2405 to 0.2274.
Epoch 22 results:
 Results on train:	 loss: 0.2192	 dice: 0.8873	 iou: 0.8609	 acc: 0.9342	 sens: 0.8609	 spec: 0.9342
 Results on val:	 loss: 0.2278	 dice: 0.9011	 iou: 0.8659	 acc: 0.9199	 sens: 0.8659	 spec: 0.9199

Current validation loss (0.2277657926082611) is larger than for the previous epoch (0.22744687795639038)!
Trained for 22 epochs.
Early stopping applies!

--- Fold 3/8 ---
Epoch 1 results:
 Results on train:	 loss: 0.7017	 dice: 0.8420	 iou: 0.7985	 acc: 0.8576	 sens: 0.7985	 spec: 0.8576
 Results on val:	 loss: 0.6943	 dice: 0.8169	 iou: 0.7665	 acc: 0.8365	 sens: 0.7665	 spec: 0.8365

Epoch 2 results:
 Results on train:	 loss: 0.4669	 dice: 0.8599	 iou: 0.8224	 acc: 0.8856	 sens: 0.8224	 spec: 0.8856
 Results on val:	 loss: 0.4728	 dice: 0.8055	 iou: 0.7603	 acc: 0.8787	 sens: 0.7603	 spec: 0.8787

Epoch 3 results:
 Results on train:	 loss: 0.3619	 dice: 0.8753	 iou: 0.8405	 acc: 0.9017	 sens: 0.8405	 spec: 0.9017
 Results on val:	 loss: 0.3783	 dice: 0.8235	 iou: 0.7813	 acc: 0.8618	 sens: 0.7813	 spec: 0.8618

Epoch 4 results:
 Results on train:	 loss: 0.3401	 dice: 0.8751	 iou: 0.8416	 acc: 0.9006	 sens: 0.8416	 spec: 0.9006
 Results on val:	 loss: 0.3477	 dice: 0.8246	 iou: 0.7832	 acc: 0.8589	 sens: 0.7832	 spec: 0.8589

Epoch 5 results:
 Results on train:	 loss: 0.3141	 dice: 0.8753	 iou: 0.8417	 acc: 0.9056	 sens: 0.8417	 spec: 0.9056
 Results on val:	 loss: 0.3149	 dice: 0.8296	 iou: 0.7904	 acc: 0.8918	 sens: 0.7904	 spec: 0.8918

Epoch 6 results:
 Results on train:	 loss: 0.2874	 dice: 0.8819	 iou: 0.8501	 acc: 0.9136	 sens: 0.8501	 spec: 0.9136
 Results on val:	 loss: 0.3228	 dice: 0.8318	 iou: 0.7928	 acc: 0.8900	 sens: 0.7928	 spec: 0.8900

Epoch 7 results:
 Results on train:	 loss: 0.2888	 dice: 0.8789	 iou: 0.8446	 acc: 0.9075	 sens: 0.8446	 spec: 0.9075
 Results on val:	 loss: 0.3565	 dice: 0.8276	 iou: 0.7877	 acc: 0.8805	 sens: 0.7877	 spec: 0.8805

Epoch 8 results:
 Results on train:	 loss: 0.2943	 dice: 0.8803	 iou: 0.8467	 acc: 0.9096	 sens: 0.8467	 spec: 0.9096
 Results on val:	 loss: 0.2901	 dice: 0.8268	 iou: 0.7890	 acc: 0.8953	 sens: 0.7890	 spec: 0.8953

Epoch 9 results:
 Results on train:	 loss: 0.3169	 dice: 0.8774	 iou: 0.8433	 acc: 0.8968	 sens: 0.8433	 spec: 0.8968
 Results on val:	 loss: 0.4006	 dice: 0.8186	 iou: 0.7712	 acc: 0.8006	 sens: 0.7712	 spec: 0.8006

Epoch 10 results:
 Results on train:	 loss: 0.3128	 dice: 0.8704	 iou: 0.8329	 acc: 0.8915	 sens: 0.8329	 spec: 0.8915
 Results on val:	 loss: 0.3164	 dice: 0.8290	 iou: 0.7870	 acc: 0.8818	 sens: 0.7870	 spec: 0.8818

Epoch 11 results:
 Results on train:	 loss: 0.2800	 dice: 0.8838	 iou: 0.8518	 acc: 0.9100	 sens: 0.8518	 spec: 0.9100
 Results on val:	 loss: 0.3308	 dice: 0.8302	 iou: 0.7896	 acc: 0.8670	 sens: 0.7896	 spec: 0.8670

Epoch 12 results:
 Results on train:	 loss: 0.2639	 dice: 0.8836	 iou: 0.8533	 acc: 0.9166	 sens: 0.8533	 spec: 0.9166
 Results on val:	 loss: 0.3441	 dice: 0.8215	 iou: 0.7825	 acc: 0.9061	 sens: 0.7825	 spec: 0.9061

Epoch 13 results:
 Results on train:	 loss: 0.2697	 dice: 0.8788	 iou: 0.8486	 acc: 0.9184	 sens: 0.8486	 spec: 0.9184
 Results on val:	 loss: 0.3798	 dice: 0.8279	 iou: 0.7864	 acc: 0.8366	 sens: 0.7864	 spec: 0.8366

Epoch 14 results:
 Results on train:	 loss: 0.2611	 dice: 0.8818	 iou: 0.8501	 acc: 0.9068	 sens: 0.8501	 spec: 0.9068
 Results on val:	 loss: 0.3105	 dice: 0.8274	 iou: 0.7860	 acc: 0.8861	 sens: 0.7860	 spec: 0.8861

Epoch 15 results:
 Results on train:	 loss: 0.2541	 dice: 0.8828	 iou: 0.8518	 acc: 0.9198	 sens: 0.8518	 spec: 0.9198
 Results on val:	 loss: 0.3255	 dice: 0.8258	 iou: 0.7817	 acc: 0.8808	 sens: 0.7817	 spec: 0.8808

Epoch 16 results:
 Results on train:	 loss: 0.2378	 dice: 0.8863	 iou: 0.8565	 acc: 0.9198	 sens: 0.8565	 spec: 0.9198
 Results on val:	 loss: 0.3048	 dice: 0.8287	 iou: 0.7869	 acc: 0.8839	 sens: 0.7869	 spec: 0.8839

Epoch 17 results:
 Results on train:	 loss: 0.2379	 dice: 0.8880	 iou: 0.8586	 acc: 0.9248	 sens: 0.8586	 spec: 0.9248
 Results on val:	 loss: 0.2875	 dice: 0.8323	 iou: 0.7932	 acc: 0.9000	 sens: 0.7932	 spec: 0.9000

Epoch 18 results:
 Results on train:	 loss: 0.2499	 dice: 0.8839	 iou: 0.8522	 acc: 0.9173	 sens: 0.8522	 spec: 0.9173
 Results on val:	 loss: 0.2956	 dice: 0.8317	 iou: 0.7911	 acc: 0.8804	 sens: 0.7911	 spec: 0.8804

Epoch 19 results:
 Results on train:	 loss: 0.2228	 dice: 0.8894	 iou: 0.8608	 acc: 0.9284	 sens: 0.8608	 spec: 0.9284
 Results on val:	 loss: 0.2824	 dice: 0.8354	 iou: 0.7967	 acc: 0.8953	 sens: 0.7967	 spec: 0.8953

Epoch 20 results:
 Results on train:	 loss: 0.2495	 dice: 0.8837	 iou: 0.8521	 acc: 0.9168	 sens: 0.8521	 spec: 0.9168
 Results on val:	 loss: 0.3047	 dice: 0.8316	 iou: 0.7898	 acc: 0.8832	 sens: 0.7898	 spec: 0.8832

Epoch 21 results:
 Results on train:	 loss: 0.2590	 dice: 0.8842	 iou: 0.8516	 acc: 0.9123	 sens: 0.8516	 spec: 0.9123
 Results on val:	 loss: 0.2858	 dice: 0.8378	 iou: 0.7997	 acc: 0.9079	 sens: 0.7997	 spec: 0.9079

Validation loss improved from 0.3047 to 0.2858.
Epoch 22 results:
 Results on train:	 loss: 0.2315	 dice: 0.8898	 iou: 0.8610	 acc: 0.9231	 sens: 0.8610	 spec: 0.9231
 Results on val:	 loss: 0.2717	 dice: 0.8376	 iou: 0.7989	 acc: 0.8993	 sens: 0.7989	 spec: 0.8993

Validation loss improved from 0.2858 to 0.2717.
Epoch 23 results:
 Results on train:	 loss: 0.2364	 dice: 0.8892	 iou: 0.8609	 acc: 0.9235	 sens: 0.8609	 spec: 0.9235
 Results on val:	 loss: 0.2986	 dice: 0.8349	 iou: 0.7947	 acc: 0.8791	 sens: 0.7947	 spec: 0.8791

Current validation loss (0.29857949912548065) is larger than for the previous epoch (0.27168760895729066)!
Trained for 23 epochs.
Early stopping applies!

--- Fold 4/8 ---
Epoch 1 results:
 Results on train:	 loss: 1.0220	 dice: 0.7202	 iou: 0.6664	 acc: 0.7710	 sens: 0.6664	 spec: 0.7710
 Results on val:	 loss: 0.7220	 dice: 0.8921	 iou: 0.8664	 acc: 0.9289	 sens: 0.8664	 spec: 0.9289

Epoch 2 results:
 Results on train:	 loss: 0.6430	 dice: 0.8530	 iou: 0.8147	 acc: 0.8864	 sens: 0.8147	 spec: 0.8864
 Results on val:	 loss: 0.4563	 dice: 0.8803	 iou: 0.8508	 acc: 0.9323	 sens: 0.8508	 spec: 0.9323

Epoch 3 results:
 Results on train:	 loss: 0.4775	 dice: 0.8687	 iou: 0.8351	 acc: 0.9011	 sens: 0.8351	 spec: 0.9011
 Results on val:	 loss: 0.3331	 dice: 0.9012	 iou: 0.8798	 acc: 0.9410	 sens: 0.8798	 spec: 0.9410

Epoch 4 results:
 Results on train:	 loss: 0.4344	 dice: 0.8599	 iou: 0.8227	 acc: 0.8866	 sens: 0.8227	 spec: 0.8866
 Results on val:	 loss: 0.3037	 dice: 0.9006	 iou: 0.8785	 acc: 0.9365	 sens: 0.8785	 spec: 0.9365

Epoch 5 results:
 Results on train:	 loss: 0.3721	 dice: 0.8686	 iou: 0.8341	 acc: 0.9061	 sens: 0.8341	 spec: 0.9061
 Results on val:	 loss: 0.3099	 dice: 0.8966	 iou: 0.8716	 acc: 0.9214	 sens: 0.8716	 spec: 0.9214

Epoch 6 results:
 Results on train:	 loss: 0.3426	 dice: 0.8726	 iou: 0.8389	 acc: 0.9017	 sens: 0.8389	 spec: 0.9017
 Results on val:	 loss: 0.2609	 dice: 0.8991	 iou: 0.8783	 acc: 0.9439	 sens: 0.8783	 spec: 0.9439

Epoch 7 results:
 Results on train:	 loss: 0.3269	 dice: 0.8671	 iou: 0.8329	 acc: 0.9039	 sens: 0.8329	 spec: 0.9039
 Results on val:	 loss: 0.2952	 dice: 0.8890	 iou: 0.8579	 acc: 0.9104	 sens: 0.8579	 spec: 0.9104

Epoch 8 results:
 Results on train:	 loss: 0.3305	 dice: 0.8686	 iou: 0.8338	 acc: 0.8950	 sens: 0.8338	 spec: 0.8950
 Results on val:	 loss: 0.2521	 dice: 0.8926	 iou: 0.8694	 acc: 0.9404	 sens: 0.8694	 spec: 0.9404

Epoch 9 results:
 Results on train:	 loss: 0.3092	 dice: 0.8688	 iou: 0.8351	 acc: 0.9026	 sens: 0.8351	 spec: 0.9026
 Results on val:	 loss: 0.2347	 dice: 0.8985	 iou: 0.8734	 acc: 0.9309	 sens: 0.8734	 spec: 0.9309

Epoch 10 results:
 Results on train:	 loss: 0.3059	 dice: 0.8738	 iou: 0.8408	 acc: 0.9047	 sens: 0.8408	 spec: 0.9047
 Results on val:	 loss: 0.2808	 dice: 0.8839	 iou: 0.8488	 acc: 0.9024	 sens: 0.8488	 spec: 0.9024

Epoch 11 results:
 Results on train:	 loss: 0.2980	 dice: 0.8708	 iou: 0.8373	 acc: 0.9034	 sens: 0.8373	 spec: 0.9034
 Results on val:	 loss: 0.2389	 dice: 0.8935	 iou: 0.8643	 acc: 0.9242	 sens: 0.8643	 spec: 0.9242

Epoch 12 results:
 Results on train:	 loss: 0.2766	 dice: 0.8757	 iou: 0.8443	 acc: 0.9155	 sens: 0.8443	 spec: 0.9155
 Results on val:	 loss: 0.2179	 dice: 0.8976	 iou: 0.8756	 acc: 0.9405	 sens: 0.8756	 spec: 0.9405

Epoch 13 results:
 Results on train:	 loss: 0.3151	 dice: 0.8718	 iou: 0.8364	 acc: 0.8997	 sens: 0.8364	 spec: 0.8997
 Results on val:	 loss: 0.2512	 dice: 0.8912	 iou: 0.8656	 acc: 0.9330	 sens: 0.8656	 spec: 0.9330

Epoch 14 results:
 Results on train:	 loss: 0.2613	 dice: 0.8797	 iou: 0.8488	 acc: 0.9147	 sens: 0.8488	 spec: 0.9147
 Results on val:	 loss: 0.2416	 dice: 0.8937	 iou: 0.8663	 acc: 0.9211	 sens: 0.8663	 spec: 0.9211

Epoch 15 results:
 Results on train:	 loss: 0.2386	 dice: 0.8844	 iou: 0.8565	 acc: 0.9294	 sens: 0.8565	 spec: 0.9294
 Results on val:	 loss: 0.2423	 dice: 0.8836	 iou: 0.8549	 acc: 0.9329	 sens: 0.8549	 spec: 0.9329

Epoch 16 results:
 Results on train:	 loss: 0.2702	 dice: 0.8781	 iou: 0.8466	 acc: 0.9116	 sens: 0.8466	 spec: 0.9116
 Results on val:	 loss: 0.2139	 dice: 0.8885	 iou: 0.8613	 acc: 0.9366	 sens: 0.8613	 spec: 0.9366

Epoch 17 results:
 Results on train:	 loss: 0.2802	 dice: 0.8745	 iou: 0.8413	 acc: 0.9049	 sens: 0.8413	 spec: 0.9049
 Results on val:	 loss: 0.2083	 dice: 0.8990	 iou: 0.8746	 acc: 0.9376	 sens: 0.8746	 spec: 0.9376

Epoch 18 results:
 Results on train:	 loss: 0.2609	 dice: 0.8762	 iou: 0.8436	 acc: 0.9164	 sens: 0.8436	 spec: 0.9164
 Results on val:	 loss: 0.2192	 dice: 0.8972	 iou: 0.8718	 acc: 0.9381	 sens: 0.8718	 spec: 0.9381

Epoch 19 results:
 Results on train:	 loss: 0.2592	 dice: 0.8780	 iou: 0.8481	 acc: 0.9190	 sens: 0.8481	 spec: 0.9190
 Results on val:	 loss: 0.2234	 dice: 0.8922	 iou: 0.8625	 acc: 0.9235	 sens: 0.8625	 spec: 0.9235

Epoch 20 results:
 Results on train:	 loss: 0.2706	 dice: 0.8746	 iou: 0.8417	 acc: 0.9065	 sens: 0.8417	 spec: 0.9065
 Results on val:	 loss: 0.2209	 dice: 0.8977	 iou: 0.8713	 acc: 0.9250	 sens: 0.8713	 spec: 0.9250

Epoch 21 results:
 Results on train:	 loss: 0.2342	 dice: 0.8843	 iou: 0.8551	 acc: 0.9255	 sens: 0.8551	 spec: 0.9255
 Results on val:	 loss: 0.2502	 dice: 0.8722	 iou: 0.8389	 acc: 0.9281	 sens: 0.8389	 spec: 0.9281

Current validation loss (0.25021572709083556) is larger than for the previous epoch (0.22090369164943696)!
Trained for 21 epochs.
Early stopping applies!

--- Fold 5/8 ---
Epoch 1 results:
 Results on train:	 loss: 0.8177	 dice: 0.8167	 iou: 0.7684	 acc: 0.8568	 sens: 0.7684	 spec: 0.8568
 Results on val:	 loss: 0.6503	 dice: 0.9221	 iou: 0.8956	 acc: 0.8957	 sens: 0.8956	 spec: 0.8957

Epoch 2 results:
 Results on train:	 loss: 0.5064	 dice: 0.8619	 iou: 0.8262	 acc: 0.8940	 sens: 0.8262	 spec: 0.8940
 Results on val:	 loss: 0.4422	 dice: 0.9201	 iou: 0.8905	 acc: 0.9178	 sens: 0.8905	 spec: 0.9178

Epoch 3 results:
 Results on train:	 loss: 0.4072	 dice: 0.8640	 iou: 0.8289	 acc: 0.8976	 sens: 0.8289	 spec: 0.8976
 Results on val:	 loss: 0.3044	 dice: 0.9250	 iou: 0.8988	 acc: 0.9158	 sens: 0.8988	 spec: 0.9158

Epoch 4 results:
 Results on train:	 loss: 0.3436	 dice: 0.8704	 iou: 0.8388	 acc: 0.9125	 sens: 0.8388	 spec: 0.9125
 Results on val:	 loss: 0.3003	 dice: 0.9245	 iou: 0.8983	 acc: 0.9150	 sens: 0.8983	 spec: 0.9150

Epoch 5 results:
 Results on train:	 loss: 0.3590	 dice: 0.8597	 iou: 0.8216	 acc: 0.8876	 sens: 0.8216	 spec: 0.8876
 Results on val:	 loss: 0.2599	 dice: 0.9202	 iou: 0.8906	 acc: 0.9188	 sens: 0.8906	 spec: 0.9188

Epoch 6 results:
 Results on train:	 loss: 0.2987	 dice: 0.8700	 iou: 0.8362	 acc: 0.9099	 sens: 0.8362	 spec: 0.9099
 Results on val:	 loss: 0.2545	 dice: 0.9233	 iou: 0.8954	 acc: 0.9217	 sens: 0.8954	 spec: 0.9217

Epoch 7 results:
 Results on train:	 loss: 0.2864	 dice: 0.8702	 iou: 0.8366	 acc: 0.9076	 sens: 0.8366	 spec: 0.9076
 Results on val:	 loss: 0.2286	 dice: 0.9256	 iou: 0.8995	 acc: 0.9214	 sens: 0.8995	 spec: 0.9214

Epoch 8 results:
 Results on train:	 loss: 0.2821	 dice: 0.8691	 iou: 0.8374	 acc: 0.9140	 sens: 0.8374	 spec: 0.9140
 Results on val:	 loss: 0.2530	 dice: 0.9234	 iou: 0.8972	 acc: 0.9102	 sens: 0.8972	 spec: 0.9102

Epoch 9 results:
 Results on train:	 loss: 0.3393	 dice: 0.8600	 iou: 0.8222	 acc: 0.8830	 sens: 0.8222	 spec: 0.8830
 Results on val:	 loss: 0.1977	 dice: 0.9278	 iou: 0.9025	 acc: 0.9288	 sens: 0.9025	 spec: 0.9288

Epoch 10 results:
 Results on train:	 loss: 0.2735	 dice: 0.8715	 iou: 0.8387	 acc: 0.9109	 sens: 0.8387	 spec: 0.9109
 Results on val:	 loss: 0.1906	 dice: 0.9275	 iou: 0.9024	 acc: 0.9256	 sens: 0.9024	 spec: 0.9256

Epoch 11 results:
 Results on train:	 loss: 0.2771	 dice: 0.8722	 iou: 0.8401	 acc: 0.9125	 sens: 0.8401	 spec: 0.9125
 Results on val:	 loss: 0.2320	 dice: 0.9235	 iou: 0.8973	 acc: 0.9093	 sens: 0.8973	 spec: 0.9093

Epoch 12 results:
 Results on train:	 loss: 0.2598	 dice: 0.8730	 iou: 0.8398	 acc: 0.9158	 sens: 0.8398	 spec: 0.9158
 Results on val:	 loss: 0.1935	 dice: 0.9319	 iou: 0.9082	 acc: 0.9370	 sens: 0.9082	 spec: 0.9370

Epoch 13 results:
 Results on train:	 loss: 0.2750	 dice: 0.8734	 iou: 0.8416	 acc: 0.9162	 sens: 0.8416	 spec: 0.9162
 Results on val:	 loss: 0.2330	 dice: 0.9228	 iou: 0.8939	 acc: 0.9222	 sens: 0.8939	 spec: 0.9222

Epoch 14 results:
 Results on train:	 loss: 0.2824	 dice: 0.8680	 iou: 0.8330	 acc: 0.9033	 sens: 0.8330	 spec: 0.9033
 Results on val:	 loss: 0.2047	 dice: 0.9245	 iou: 0.8987	 acc: 0.9139	 sens: 0.8987	 spec: 0.9139

Epoch 15 results:
 Results on train:	 loss: 0.2750	 dice: 0.8678	 iou: 0.8354	 acc: 0.9062	 sens: 0.8354	 spec: 0.9062
 Results on val:	 loss: 0.1949	 dice: 0.9272	 iou: 0.9019	 acc: 0.9238	 sens: 0.9019	 spec: 0.9238

Epoch 16 results:
 Results on train:	 loss: 0.2438	 dice: 0.8752	 iou: 0.8439	 acc: 0.9209	 sens: 0.8439	 spec: 0.9209
 Results on val:	 loss: 0.2137	 dice: 0.9273	 iou: 0.9024	 acc: 0.9283	 sens: 0.9024	 spec: 0.9283

Epoch 17 results:
 Results on train:	 loss: 0.2563	 dice: 0.8744	 iou: 0.8423	 acc: 0.9178	 sens: 0.8423	 spec: 0.9178
 Results on val:	 loss: 0.1832	 dice: 0.9284	 iou: 0.9041	 acc: 0.9302	 sens: 0.9041	 spec: 0.9302

Epoch 18 results:
 Results on train:	 loss: 0.2459	 dice: 0.8746	 iou: 0.8441	 acc: 0.9217	 sens: 0.8441	 spec: 0.9217
 Results on val:	 loss: 0.1835	 dice: 0.9270	 iou: 0.9018	 acc: 0.9284	 sens: 0.9018	 spec: 0.9284

Epoch 19 results:
 Results on train:	 loss: 0.2340	 dice: 0.8758	 iou: 0.8441	 acc: 0.9167	 sens: 0.8441	 spec: 0.9167
 Results on val:	 loss: 0.1726	 dice: 0.9277	 iou: 0.9027	 acc: 0.9304	 sens: 0.9027	 spec: 0.9304

Epoch 20 results:
 Results on train:	 loss: 0.2265	 dice: 0.8814	 iou: 0.8527	 acc: 0.9312	 sens: 0.8527	 spec: 0.9312
 Results on val:	 loss: 0.1701	 dice: 0.9292	 iou: 0.9052	 acc: 0.9330	 sens: 0.9052	 spec: 0.9330

Epoch 21 results:
 Results on train:	 loss: 0.2392	 dice: 0.8787	 iou: 0.8494	 acc: 0.9276	 sens: 0.8494	 spec: 0.9276
 Results on val:	 loss: 0.1740	 dice: 0.9275	 iou: 0.9038	 acc: 0.9285	 sens: 0.9038	 spec: 0.9285

Current validation loss (0.17403015047311782) is larger than for the previous epoch (0.1701099082827568)!
Trained for 21 epochs.
Early stopping applies!

--- Fold 6/8 ---
Epoch 1 results:
 Results on train:	 loss: 0.7570	 dice: 0.8288	 iou: 0.7806	 acc: 0.8539	 sens: 0.7806	 spec: 0.8539
 Results on val:	 loss: 0.6796	 dice: 0.8722	 iou: 0.8417	 acc: 0.9071	 sens: 0.8417	 spec: 0.9071

Epoch 2 results:
 Results on train:	 loss: 0.4647	 dice: 0.8652	 iou: 0.8288	 acc: 0.9002	 sens: 0.8288	 spec: 0.9002
 Results on val:	 loss: 0.3111	 dice: 0.8880	 iou: 0.8642	 acc: 0.9362	 sens: 0.8642	 spec: 0.9362

Epoch 3 results:
 Results on train:	 loss: 0.3956	 dice: 0.8653	 iou: 0.8291	 acc: 0.8935	 sens: 0.8291	 spec: 0.8935
 Results on val:	 loss: 0.2547	 dice: 0.8857	 iou: 0.8597	 acc: 0.9192	 sens: 0.8597	 spec: 0.9192

Epoch 4 results:
 Results on train:	 loss: 0.3438	 dice: 0.8718	 iou: 0.8371	 acc: 0.8971	 sens: 0.8371	 spec: 0.8971
 Results on val:	 loss: 0.2421	 dice: 0.8929	 iou: 0.8707	 acc: 0.9394	 sens: 0.8707	 spec: 0.9394

Epoch 5 results:
 Results on train:	 loss: 0.3343	 dice: 0.8673	 iou: 0.8311	 acc: 0.8976	 sens: 0.8311	 spec: 0.8976
 Results on val:	 loss: 0.2014	 dice: 0.8935	 iou: 0.8722	 acc: 0.9438	 sens: 0.8722	 spec: 0.9438

Epoch 6 results:
 Results on train:	 loss: 0.2945	 dice: 0.8772	 iou: 0.8454	 acc: 0.9099	 sens: 0.8454	 spec: 0.9099
 Results on val:	 loss: 0.1959	 dice: 0.8948	 iou: 0.8745	 acc: 0.9472	 sens: 0.8745	 spec: 0.9472

Epoch 7 results:
 Results on train:	 loss: 0.2988	 dice: 0.8762	 iou: 0.8429	 acc: 0.8986	 sens: 0.8429	 spec: 0.8986
 Results on val:	 loss: 0.1971	 dice: 0.8932	 iou: 0.8711	 acc: 0.9445	 sens: 0.8711	 spec: 0.9445

Epoch 8 results:
 Results on train:	 loss: 0.3061	 dice: 0.8741	 iou: 0.8409	 acc: 0.9084	 sens: 0.8409	 spec: 0.9084
 Results on val:	 loss: 0.1722	 dice: 0.8919	 iou: 0.8713	 acc: 0.9491	 sens: 0.8713	 spec: 0.9491

Epoch 9 results:
 Results on train:	 loss: 0.3091	 dice: 0.8755	 iou: 0.8418	 acc: 0.8985	 sens: 0.8418	 spec: 0.8985
 Results on val:	 loss: 0.1780	 dice: 0.8942	 iou: 0.8731	 acc: 0.9457	 sens: 0.8731	 spec: 0.9457

Epoch 10 results:
 Results on train:	 loss: 0.3009	 dice: 0.8720	 iou: 0.8367	 acc: 0.9030	 sens: 0.8367	 spec: 0.9030
 Results on val:	 loss: 0.2725	 dice: 0.8716	 iou: 0.8387	 acc: 0.8689	 sens: 0.8387	 spec: 0.8689

Epoch 11 results:
 Results on train:	 loss: 0.2771	 dice: 0.8748	 iou: 0.8415	 acc: 0.9063	 sens: 0.8415	 spec: 0.9063
 Results on val:	 loss: 0.1966	 dice: 0.8880	 iou: 0.8647	 acc: 0.9518	 sens: 0.8647	 spec: 0.9518

Epoch 12 results:
 Results on train:	 loss: 0.2657	 dice: 0.8778	 iou: 0.8449	 acc: 0.9129	 sens: 0.8449	 spec: 0.9129
 Results on val:	 loss: 0.2489	 dice: 0.8728	 iou: 0.8403	 acc: 0.8828	 sens: 0.8403	 spec: 0.8828

Epoch 13 results:
 Results on train:	 loss: 0.2845	 dice: 0.8737	 iou: 0.8411	 acc: 0.8985	 sens: 0.8411	 spec: 0.8985
 Results on val:	 loss: 0.1814	 dice: 0.8936	 iou: 0.8721	 acc: 0.9426	 sens: 0.8721	 spec: 0.9426

Epoch 14 results:
 Results on train:	 loss: 0.2604	 dice: 0.8777	 iou: 0.8454	 acc: 0.9162	 sens: 0.8454	 spec: 0.9162
 Results on val:	 loss: 0.1671	 dice: 0.8863	 iou: 0.8631	 acc: 0.9432	 sens: 0.8631	 spec: 0.9432

Epoch 15 results:
 Results on train:	 loss: 0.2878	 dice: 0.8752	 iou: 0.8408	 acc: 0.9026	 sens: 0.8408	 spec: 0.9026
 Results on val:	 loss: 0.2336	 dice: 0.8735	 iou: 0.8409	 acc: 0.8856	 sens: 0.8409	 spec: 0.8856

Epoch 16 results:
 Results on train:	 loss: 0.2689	 dice: 0.8750	 iou: 0.8425	 acc: 0.9115	 sens: 0.8425	 spec: 0.9115
 Results on val:	 loss: 0.1661	 dice: 0.8953	 iou: 0.8746	 acc: 0.9465	 sens: 0.8746	 spec: 0.9465

Epoch 17 results:
 Results on train:	 loss: 0.2460	 dice: 0.8818	 iou: 0.8521	 acc: 0.9228	 sens: 0.8521	 spec: 0.9228
 Results on val:	 loss: 0.1462	 dice: 0.8958	 iou: 0.8765	 acc: 0.9551	 sens: 0.8765	 spec: 0.9551

Epoch 18 results:
 Results on train:	 loss: 0.2452	 dice: 0.8804	 iou: 0.8490	 acc: 0.9191	 sens: 0.8490	 spec: 0.9191
 Results on val:	 loss: 0.1564	 dice: 0.8969	 iou: 0.8779	 acc: 0.9525	 sens: 0.8779	 spec: 0.9525

Epoch 19 results:
 Results on train:	 loss: 0.2365	 dice: 0.8851	 iou: 0.8562	 acc: 0.9294	 sens: 0.8562	 spec: 0.9294
 Results on val:	 loss: 0.1438	 dice: 0.8966	 iou: 0.8770	 acc: 0.9495	 sens: 0.8770	 spec: 0.9495

Epoch 20 results:
 Results on train:	 loss: 0.2459	 dice: 0.8827	 iou: 0.8534	 acc: 0.9200	 sens: 0.8534	 spec: 0.9200
 Results on val:	 loss: 0.1552	 dice: 0.8946	 iou: 0.8750	 acc: 0.9512	 sens: 0.8750	 spec: 0.9512

Epoch 21 results:
 Results on train:	 loss: 0.2483	 dice: 0.8835	 iou: 0.8541	 acc: 0.9196	 sens: 0.8541	 spec: 0.9196
 Results on val:	 loss: 0.1481	 dice: 0.8966	 iou: 0.8774	 acc: 0.9491	 sens: 0.8774	 spec: 0.9491

Validation loss improved from 0.1552 to 0.1481.
Epoch 22 results:
 Results on train:	 loss: 0.2273	 dice: 0.8838	 iou: 0.8547	 acc: 0.9237	 sens: 0.8547	 spec: 0.9237
 Results on val:	 loss: 0.1598	 dice: 0.8954	 iou: 0.8750	 acc: 0.9462	 sens: 0.8750	 spec: 0.9462

Current validation loss (0.15980536118149757) is larger than for the previous epoch (0.14805125817656517)!
Trained for 22 epochs.
Early stopping applies!

--- Fold 7/8 ---
Epoch 1 results:
 Results on train:	 loss: 0.9789	 dice: 0.7333	 iou: 0.6740	 acc: 0.7749	 sens: 0.6740	 spec: 0.7749
 Results on val:	 loss: 0.9564	 dice: 0.9331	 iou: 0.9155	 acc: 0.9477	 sens: 0.9155	 spec: 0.9477

Epoch 2 results:
 Results on train:	 loss: 0.5930	 dice: 0.8604	 iou: 0.8263	 acc: 0.9060	 sens: 0.8263	 spec: 0.9060
 Results on val:	 loss: 0.6688	 dice: 0.9001	 iou: 0.8706	 acc: 0.9171	 sens: 0.8706	 spec: 0.9171

Epoch 3 results:
 Results on train:	 loss: 0.5168	 dice: 0.8451	 iou: 0.8049	 acc: 0.8780	 sens: 0.8049	 spec: 0.8780
 Results on val:	 loss: 0.3340	 dice: 0.9322	 iou: 0.9104	 acc: 0.9442	 sens: 0.9104	 spec: 0.9442

Epoch 4 results:
 Results on train:	 loss: 0.4078	 dice: 0.8594	 iou: 0.8215	 acc: 0.8938	 sens: 0.8215	 spec: 0.8938
 Results on val:	 loss: 0.2950	 dice: 0.9238	 iou: 0.9011	 acc: 0.9359	 sens: 0.9011	 spec: 0.9359

Epoch 5 results:
 Results on train:	 loss: 0.3573	 dice: 0.8629	 iou: 0.8289	 acc: 0.9080	 sens: 0.8289	 spec: 0.9080
 Results on val:	 loss: 0.3716	 dice: 0.9052	 iou: 0.8765	 acc: 0.9197	 sens: 0.8765	 spec: 0.9197

Epoch 6 results:
 Results on train:	 loss: 0.3284	 dice: 0.8650	 iou: 0.8309	 acc: 0.9100	 sens: 0.8309	 spec: 0.9100
 Results on val:	 loss: 0.3308	 dice: 0.9108	 iou: 0.8849	 acc: 0.9263	 sens: 0.8849	 spec: 0.9263

Epoch 7 results:
 Results on train:	 loss: 0.3192	 dice: 0.8647	 iou: 0.8296	 acc: 0.9040	 sens: 0.8296	 spec: 0.9040
 Results on val:	 loss: 0.3613	 dice: 0.9105	 iou: 0.8838	 acc: 0.9248	 sens: 0.8838	 spec: 0.9248

Epoch 8 results:
 Results on train:	 loss: 0.2944	 dice: 0.8679	 iou: 0.8359	 acc: 0.9171	 sens: 0.8359	 spec: 0.9171
 Results on val:	 loss: 0.2100	 dice: 0.9346	 iou: 0.9138	 acc: 0.9470	 sens: 0.9138	 spec: 0.9470

Epoch 9 results:
 Results on train:	 loss: 0.3268	 dice: 0.8644	 iou: 0.8285	 acc: 0.8996	 sens: 0.8285	 spec: 0.8996
 Results on val:	 loss: 0.2688	 dice: 0.9204	 iou: 0.8957	 acc: 0.9313	 sens: 0.8957	 spec: 0.9313

Epoch 10 results:
 Results on train:	 loss: 0.2923	 dice: 0.8665	 iou: 0.8323	 acc: 0.9108	 sens: 0.8323	 spec: 0.9108
 Results on val:	 loss: 0.2482	 dice: 0.9284	 iou: 0.9056	 acc: 0.9422	 sens: 0.9056	 spec: 0.9422

Epoch 11 results:
 Results on train:	 loss: 0.3075	 dice: 0.8660	 iou: 0.8320	 acc: 0.9077	 sens: 0.8320	 spec: 0.9077
 Results on val:	 loss: 0.3748	 dice: 0.8912	 iou: 0.8595	 acc: 0.9076	 sens: 0.8595	 spec: 0.9076

Epoch 12 results:
 Results on train:	 loss: 0.2977	 dice: 0.8647	 iou: 0.8291	 acc: 0.9078	 sens: 0.8291	 spec: 0.9078
 Results on val:	 loss: 0.3570	 dice: 0.9073	 iou: 0.8791	 acc: 0.9215	 sens: 0.8791	 spec: 0.9215

Epoch 13 results:
 Results on train:	 loss: 0.2826	 dice: 0.8687	 iou: 0.8346	 acc: 0.9106	 sens: 0.8346	 spec: 0.9106
 Results on val:	 loss: 0.2603	 dice: 0.9282	 iou: 0.9061	 acc: 0.9433	 sens: 0.9061	 spec: 0.9433

Epoch 14 results:
 Results on train:	 loss: 0.2652	 dice: 0.8712	 iou: 0.8387	 acc: 0.9135	 sens: 0.8387	 spec: 0.9135
 Results on val:	 loss: 0.2190	 dice: 0.9327	 iou: 0.9120	 acc: 0.9448	 sens: 0.9120	 spec: 0.9448

Epoch 15 results:
 Results on train:	 loss: 0.2393	 dice: 0.8767	 iou: 0.8474	 acc: 0.9267	 sens: 0.8474	 spec: 0.9267
 Results on val:	 loss: 0.3645	 dice: 0.9086	 iou: 0.8792	 acc: 0.9200	 sens: 0.8792	 spec: 0.9200

Epoch 16 results:
 Results on train:	 loss: 0.2669	 dice: 0.8741	 iou: 0.8439	 acc: 0.9150	 sens: 0.8439	 spec: 0.9150
 Results on val:	 loss: 0.2858	 dice: 0.9229	 iou: 0.8991	 acc: 0.9375	 sens: 0.8991	 spec: 0.9375

Epoch 17 results:
 Results on train:	 loss: 0.2430	 dice: 0.8751	 iou: 0.8445	 acc: 0.9225	 sens: 0.8445	 spec: 0.9225
 Results on val:	 loss: 0.2713	 dice: 0.9231	 iou: 0.8989	 acc: 0.9359	 sens: 0.8989	 spec: 0.9359

Epoch 18 results:
 Results on train:	 loss: 0.2410	 dice: 0.8761	 iou: 0.8459	 acc: 0.9272	 sens: 0.8459	 spec: 0.9272
 Results on val:	 loss: 0.2017	 dice: 0.9373	 iou: 0.9167	 acc: 0.9474	 sens: 0.9167	 spec: 0.9474

Epoch 19 results:
 Results on train:	 loss: 0.2517	 dice: 0.8760	 iou: 0.8451	 acc: 0.9232	 sens: 0.8451	 spec: 0.9232
 Results on val:	 loss: 0.3070	 dice: 0.9182	 iou: 0.8912	 acc: 0.9307	 sens: 0.8912	 spec: 0.9307

Epoch 20 results:
 Results on train:	 loss: 0.2247	 dice: 0.8782	 iou: 0.8491	 acc: 0.9322	 sens: 0.8491	 spec: 0.9322
 Results on val:	 loss: 0.2646	 dice: 0.9235	 iou: 0.8994	 acc: 0.9375	 sens: 0.8994	 spec: 0.9375

Epoch 21 results:
 Results on train:	 loss: 0.2339	 dice: 0.8748	 iou: 0.8453	 acc: 0.9235	 sens: 0.8453	 spec: 0.9235
 Results on val:	 loss: 0.2715	 dice: 0.9214	 iou: 0.8961	 acc: 0.9348	 sens: 0.8961	 spec: 0.9348

Current validation loss (0.2714845955371857) is larger than for the previous epoch (0.26462324112653735)!
Trained for 21 epochs.
Early stopping applies!

--- Fold 8/8 ---
Epoch 1 results:
 Results on train:	 loss: 0.8922	 dice: 0.8056	 iou: 0.7483	 acc: 0.8233	 sens: 0.7483	 spec: 0.8233
 Results on val:	 loss: 0.7605	 dice: 0.7451	 iou: 0.6940	 acc: 0.7425	 sens: 0.6940	 spec: 0.7425

Epoch 2 results:
 Results on train:	 loss: 0.5375	 dice: 0.8808	 iou: 0.8456	 acc: 0.9034	 sens: 0.8456	 spec: 0.9034
 Results on val:	 loss: 0.5303	 dice: 0.7798	 iou: 0.7422	 acc: 0.9023	 sens: 0.7422	 spec: 0.9023

Epoch 3 results:
 Results on train:	 loss: 0.4364	 dice: 0.8829	 iou: 0.8480	 acc: 0.8906	 sens: 0.8480	 spec: 0.8906
 Results on val:	 loss: 0.4845	 dice: 0.7586	 iou: 0.7116	 acc: 0.8040	 sens: 0.7116	 spec: 0.8040

Epoch 4 results:
 Results on train:	 loss: 0.3676	 dice: 0.8847	 iou: 0.8500	 acc: 0.8986	 sens: 0.8500	 spec: 0.8986
 Results on val:	 loss: 0.4623	 dice: 0.7594	 iou: 0.7172	 acc: 0.8637	 sens: 0.7172	 spec: 0.8637

Epoch 5 results:
 Results on train:	 loss: 0.3425	 dice: 0.8827	 iou: 0.8490	 acc: 0.8980	 sens: 0.8490	 spec: 0.8980
 Results on val:	 loss: 0.3974	 dice: 0.7633	 iou: 0.7234	 acc: 0.8924	 sens: 0.7234	 spec: 0.8924

Epoch 6 results:
 Results on train:	 loss: 0.2949	 dice: 0.8901	 iou: 0.8589	 acc: 0.9127	 sens: 0.8589	 spec: 0.9127
 Results on val:	 loss: 0.3386	 dice: 0.7822	 iou: 0.7433	 acc: 0.9007	 sens: 0.7433	 spec: 0.9007

Epoch 7 results:
 Results on train:	 loss: 0.3129	 dice: 0.8850	 iou: 0.8499	 acc: 0.9013	 sens: 0.8499	 spec: 0.9013
 Results on val:	 loss: 0.3240	 dice: 0.7811	 iou: 0.7412	 acc: 0.8976	 sens: 0.7412	 spec: 0.8976

Epoch 8 results:
 Results on train:	 loss: 0.3141	 dice: 0.8880	 iou: 0.8544	 acc: 0.9021	 sens: 0.8544	 spec: 0.9021
 Results on val:	 loss: 0.3379	 dice: 0.7754	 iou: 0.7431	 acc: 0.9116	 sens: 0.7431	 spec: 0.9116

Epoch 9 results:
 Results on train:	 loss: 0.2597	 dice: 0.8931	 iou: 0.8625	 acc: 0.9207	 sens: 0.8625	 spec: 0.9207
 Results on val:	 loss: 0.3034	 dice: 0.7861	 iou: 0.7509	 acc: 0.9109	 sens: 0.7509	 spec: 0.9109

Epoch 10 results:
 Results on train:	 loss: 0.2799	 dice: 0.8938	 iou: 0.8635	 acc: 0.9182	 sens: 0.8635	 spec: 0.9182
 Results on val:	 loss: 0.3222	 dice: 0.7808	 iou: 0.7410	 acc: 0.8996	 sens: 0.7410	 spec: 0.8996

Epoch 11 results:
 Results on train:	 loss: 0.2702	 dice: 0.8890	 iou: 0.8575	 acc: 0.9111	 sens: 0.8575	 spec: 0.9111
 Results on val:	 loss: 0.3593	 dice: 0.7625	 iou: 0.7155	 acc: 0.8434	 sens: 0.7155	 spec: 0.8434

Epoch 12 results:
 Results on train:	 loss: 0.2690	 dice: 0.8950	 iou: 0.8645	 acc: 0.9120	 sens: 0.8645	 spec: 0.9120
 Results on val:	 loss: 0.3125	 dice: 0.7857	 iou: 0.7480	 acc: 0.9063	 sens: 0.7480	 spec: 0.9063

Epoch 13 results:
 Results on train:	 loss: 0.2538	 dice: 0.8928	 iou: 0.8635	 acc: 0.9200	 sens: 0.8635	 spec: 0.9200
 Results on val:	 loss: 0.3148	 dice: 0.7854	 iou: 0.7489	 acc: 0.9092	 sens: 0.7489	 spec: 0.9092

Epoch 14 results:
 Results on train:	 loss: 0.2513	 dice: 0.8907	 iou: 0.8605	 acc: 0.9202	 sens: 0.8605	 spec: 0.9202
 Results on val:	 loss: 0.3612	 dice: 0.7681	 iou: 0.7234	 acc: 0.8403	 sens: 0.7234	 spec: 0.8403

Epoch 15 results:
 Results on train:	 loss: 0.2521	 dice: 0.8931	 iou: 0.8624	 acc: 0.9128	 sens: 0.8624	 spec: 0.9128
 Results on val:	 loss: 0.3428	 dice: 0.7739	 iou: 0.7313	 acc: 0.8639	 sens: 0.7313	 spec: 0.8639

Epoch 16 results:
 Results on train:	 loss: 0.2318	 dice: 0.8947	 iou: 0.8648	 acc: 0.9156	 sens: 0.8648	 spec: 0.9156
 Results on val:	 loss: 0.3197	 dice: 0.7831	 iou: 0.7445	 acc: 0.9044	 sens: 0.7445	 spec: 0.9044

Epoch 17 results:
 Results on train:	 loss: 0.2429	 dice: 0.8932	 iou: 0.8639	 acc: 0.9175	 sens: 0.8639	 spec: 0.9175
 Results on val:	 loss: 0.3081	 dice: 0.7833	 iou: 0.7435	 acc: 0.9014	 sens: 0.7435	 spec: 0.9014

Epoch 18 results:
 Results on train:	 loss: 0.2260	 dice: 0.8980	 iou: 0.8690	 acc: 0.9238	 sens: 0.8690	 spec: 0.9238
 Results on val:	 loss: 0.2980	 dice: 0.7860	 iou: 0.7489	 acc: 0.9073	 sens: 0.7489	 spec: 0.9073

Epoch 19 results:
 Results on train:	 loss: 0.2471	 dice: 0.8926	 iou: 0.8624	 acc: 0.9166	 sens: 0.8624	 spec: 0.9166
 Results on val:	 loss: 0.2966	 dice: 0.7818	 iou: 0.7415	 acc: 0.8972	 sens: 0.7415	 spec: 0.8972

Epoch 20 results:
 Results on train:	 loss: 0.2235	 dice: 0.8973	 iou: 0.8702	 acc: 0.9314	 sens: 0.8702	 spec: 0.9314
 Results on val:	 loss: 0.3020	 dice: 0.7892	 iou: 0.7547	 acc: 0.9190	 sens: 0.7547	 spec: 0.9190

Epoch 21 results:
 Results on train:	 loss: 0.1979	 dice: 0.9031	 iou: 0.8776	 acc: 0.9397	 sens: 0.8776	 spec: 0.9397
 Results on val:	 loss: 0.2840	 dice: 0.7881	 iou: 0.7518	 acc: 0.9103	 sens: 0.7518	 spec: 0.9103

Validation loss improved from 0.3020 to 0.2840.
Epoch 22 results:
 Results on train:	 loss: 0.2021	 dice: 0.8996	 iou: 0.8726	 acc: 0.9317	 sens: 0.8726	 spec: 0.9317
 Results on val:	 loss: 0.2853	 dice: 0.7842	 iou: 0.7451	 acc: 0.9024	 sens: 0.7451	 spec: 0.9024

Current validation loss (0.28533939123153684) is larger than for the previous epoch (0.28401076793670654)!
Trained for 22 epochs.
Early stopping applies!

--- Performance across all folds ---
Avg. train_loss: 0.2337
Avg. train_dice: 0.8841
Avg. train_iou: 0.8549
Avg. train_acc: 0.9244
Avg. train_sens: 0.9825
Avg. train_spec: 0.7109
Avg. val_loss: 0.2293
Avg. val_dice: 0.8825
Avg. val_iou: 0.8535
Avg. val_acc: 0.9250
Avg. val_sens: 0.9798
Avg. val_spec: 0.6633
Avg. n_epochs: 21.7500

------------------------------------------------------------
Sender: LSF System <lsfadmin@hpc.dtu.dk>
Subject: Job 27035679: <UNet_BCE_loss> in cluster <dcc> Done

Job <UNet_BCE_loss> was submitted from host <hpclogin1> by user <s214397> in cluster <dcc> at Sat Nov 15 14:43:47 2025
Job was executed on host(s) <4*n-62-18-13>, in queue <c02516>, as user <s214397> in cluster <dcc> at Sat Nov 15 14:44:54 2025
</zhome/86/c/167853> was used as the home directory.
</zhome/86/c/167853/02516-image-segmentation> was used as the working directory.
Started at Sat Nov 15 14:44:54 2025
Terminated at Sat Nov 15 14:49:31 2025
Results reported at Sat Nov 15 14:49:31 2025

Your job looked like:

------------------------------------------------------------
# LSBATCH: User input
#!/bin/sh
### ------------- specify queue name ----------------
#BSUB -q c02516
### ------------- specify gpu request----------------
#BSUB -gpu "num=1:mode=exclusive_process"
### ------------- specify job name ----------------
#BSUB -J UNet_BCE_loss
### ------------- specify number of cores ----------------
#BSUB -n 4
#BSUB -R "span[hosts=1]"

#BSUB -R "rusage[mem=20GB]"

### ------------- specify wall-clock time (max allowed is 12:00)---------------- 
#BSUB -W 08:00

#BSUB -o OUTPUT_FILE%J.out
#BSUB -e OUTPUT_FILE%J.err

source venv_proj3/bin/activate
python model_experiment.py
#python eval.py

------------------------------------------------------------

Successfully completed.

Resource usage summary:

    CPU time :                                   269.85 sec.
    Max Memory :                                 948 MB
    Average Memory :                             942.25 MB
    Total Requested Memory :                     81920.00 MB
    Delta Memory :                               80972.00 MB
    Max Swap :                                   -
    Max Processes :                              4
    Max Threads :                                8
    Run time :                                   293 sec.
    Turnaround time :                            344 sec.

The output (if any) is above this job summary.



PS:

Read file <OUTPUT_FILE27035679.err> for stderr output of this job.

